uk/co/flax/luwak/matchers/PartitionMatcher$PartitionMatcherFactory#149&100
uk/co/flax/luwak/QueryIndex#155&100
uk/co/flax/luwak/QueryIndex#153&100
uk/co/flax/luwak/matchers/PartitionMatcher$PartitionMatcherFactory#142&100
uk/co/flax/luwak/Matches#40&100
uk/co/flax/luwak/QueryIndex#157&100
uk/co/flax/luwak/QueryCacheEntry#37&100
uk/co/flax/luwak/matchers/PartitionMatcher$MatchTask#58&100
uk/co/flax/luwak/Matches#42&100
uk/co/flax/luwak/DocumentBatch$MultiDocumentBatch#190&100
uk/co/flax/luwak/Matches#41&100
uk/co/flax/luwak/Matches#43&100
uk/co/flax/luwak/Monitor#607&100
uk/co/flax/luwak/DocumentBatch$MultiDocumentBatch#192&100
uk/co/flax/luwak/matchers/PartitionMatcher$MatchTask#64&100
uk/co/flax/luwak/Monitor#87&100
uk/co/flax/luwak/QueryIndex#160&100
uk/co/flax/luwak/QueryIndex#165&100
uk/co/flax/luwak/QueryIndex#163&100
uk/co/flax/luwak/Monitor#83&100
uk/co/flax/luwak/QueryIndex#167&100
uk/co/flax/luwak/Monitor#89&100
uk/co/flax/luwak/QueryIndex#172&100
uk/co/flax/luwak/Monitor#52&100
uk/co/flax/luwak/util/ForceNoBulkScoringQuery#35&100
uk/co/flax/luwak/DocumentBatch$Builder#96&100
uk/co/flax/luwak/InputDocument$Builder#98&100
uk/co/flax/luwak/InputDocument$Builder#97&100
uk/co/flax/luwak/InputDocument$Builder#96&100
uk/co/flax/luwak/QueryIndex#182&100
uk/co/flax/luwak/QueryIndex#186&100
uk/co/flax/luwak/matchers/PartitionMatcher$PartitionMatcherFactory#157&100
uk/co/flax/luwak/UpdateException#34&100
uk/co/flax/luwak/matchers/PartitionMatcher#103&100
uk/co/flax/luwak/matchers/PartitionMatcher#104&100
uk/co/flax/luwak/matchers/PartitionMatcher#105&100
uk/co/flax/luwak/matchers/PartitionMatcher#106&100
uk/co/flax/luwak/matchers/PartitionMatcher#109&100
uk/co/flax/luwak/DocumentBatch$Builder#86&100
uk/co/flax/luwak/Presearcher#37&100
uk/co/flax/luwak/InputDocument#180&100
uk/co/flax/luwak/DocumentBatch$Builder#88&100
uk/co/flax/luwak/InputDocument#181&100
uk/co/flax/luwak/DocumentBatch$Builder#89&100
uk/co/flax/luwak/matchers/PartitionMatcher#102&100
uk/co/flax/luwak/QueryIndex#194&100
uk/co/flax/luwak/QueryIndex#198&100
uk/co/flax/luwak/util/ForceNoBulkScoringQuery#57&100
uk/co/flax/luwak/matchers/PartitionMatcher#116&100
uk/co/flax/luwak/util/ForceNoBulkScoringQuery#52&100
uk/co/flax/luwak/util/ForceNoBulkScoringQuery#50&100
uk/co/flax/luwak/QueryIndex#190&100
uk/co/flax/luwak/matchers/PartitionMatcher#113&100
uk/co/flax/luwak/util/ForceNoBulkScoringQuery#44&100
uk/co/flax/luwak/DocumentBatch$Builder#126&100
uk/co/flax/luwak/DocumentBatch$Builder#125&100
uk/co/flax/luwak/util/ForceNoBulkScoringQuery#43&100
uk/co/flax/luwak/DocumentBatch$Builder#124&100
uk/co/flax/luwak/DocumentBatch$Builder#123&100
uk/co/flax/luwak/util/ForceNoBulkScoringQuery#41&100
uk/co/flax/luwak/DocumentBatch$Builder#122&100
uk/co/flax/luwak/util/CollectionUtils#66&100
uk/co/flax/luwak/util/CollectionUtils#72&100
uk/co/flax/luwak/util/CollectionUtils#77&100
uk/co/flax/luwak/util/CollectionUtils#79&100
uk/co/flax/luwak/util/ForceNoBulkScoringQuery#69&100
uk/co/flax/luwak/DocumentBatch$Builder#105&100
uk/co/flax/luwak/util/ForceNoBulkScoringQuery#67&100
uk/co/flax/luwak/util/CollectionUtils#83&100
uk/co/flax/luwak/matchers/CollectingMatcher$MatchCollector#78&100
uk/co/flax/luwak/QueryIndex$MonitorQueryCollector#264&100
uk/co/flax/luwak/CandidateMatcher#144&100
uk/co/flax/luwak/matchers/CollectingMatcher#33&100
uk/co/flax/luwak/CandidateMatcher#141&100
uk/co/flax/luwak/SlowLog$Entry#88&100
uk/co/flax/luwak/InputDocument$Builder#169&100
uk/co/flax/luwak/InputDocument$Builder#167&100
uk/co/flax/luwak/InputDocument$Builder#168&100
uk/co/flax/luwak/CandidateMatcher#96&100
uk/co/flax/luwak/util/ForceNoBulkScoringQuery#99&100
uk/co/flax/luwak/matchers/CollectingMatcher$MatchCollector#85&100
uk/co/flax/luwak/CandidateMatcher#131&100
uk/co/flax/luwak/CandidateMatcher#82&100
uk/co/flax/luwak/CandidateMatcher#83&100
uk/co/flax/luwak/CandidateMatcher#85&100
uk/co/flax/luwak/CandidateMatcher#124&100
uk/co/flax/luwak/DocumentBatch#160&100
uk/co/flax/luwak/DocumentBatch#161&100
uk/co/flax/luwak/DocumentBatch#167&100
uk/co/flax/luwak/CandidateMatcher#113&100
uk/co/flax/luwak/DocumentBatch#174&100
uk/co/flax/luwak/QueryTermFilter#37&100
uk/co/flax/luwak/QueryIndex#25&100
uk/co/flax/luwak/QueryIndex#26&100
uk/co/flax/luwak/InputDocument$Builder#129&100
uk/co/flax/luwak/CandidateMatcher#53&100
uk/co/flax/luwak/QueryTermFilter#48&100
uk/co/flax/luwak/QueryTermFilter#47&100
uk/co/flax/luwak/QueryTermFilter#46&100
uk/co/flax/luwak/QueryTermFilter#45&100
uk/co/flax/luwak/QueryTermFilter#44&100
uk/co/flax/luwak/QueryIndex$MonitorQueryCollector#234&100
uk/co/flax/luwak/QueryIndex$MonitorQueryCollector#236&100
uk/co/flax/luwak/CandidateMatcher#40&100
uk/co/flax/luwak/CandidateMatcher#43&100
uk/co/flax/luwak/InputDocument$Builder#130&100
uk/co/flax/luwak/InputDocument$Builder#131&100
uk/co/flax/luwak/QueryTermFilter#56&100
uk/co/flax/luwak/QueryTermFilter#53&100
uk/co/flax/luwak/QueryTermFilter#52&100
uk/co/flax/luwak/QueryTermFilter#50&100
uk/co/flax/luwak/QueryIndex$DataValues#219&100
uk/co/flax/luwak/Monitor#95&100
uk/co/flax/luwak/Monitor#183&100
uk/co/flax/luwak/CandidateMatcher#169&100
uk/co/flax/luwak/Monitor#96&100
uk/co/flax/luwak/Monitor#98&100
uk/co/flax/luwak/Monitor#91&100
uk/co/flax/luwak/Monitor#92&100
uk/co/flax/luwak/Monitor#94&100
uk/co/flax/luwak/QueryIndex$MonitorQueryCollector#248&100
uk/co/flax/luwak/matchers/CollectingMatcher#58&100
uk/co/flax/luwak/QueryIndex$MonitorQueryCollector#249&100
uk/co/flax/luwak/matchers/CollectingMatcher#51&100
uk/co/flax/luwak/matchers/CollectingMatcher#52&100
uk/co/flax/luwak/CandidateMatcher#160&100
uk/co/flax/luwak/matchers/CollectingMatcher#53&100
uk/co/flax/luwak/matchers/CollectingMatcher#50&100
uk/co/flax/luwak/InputDocument$Builder#145&100
uk/co/flax/luwak/InputDocument$Builder#144&100
uk/co/flax/luwak/QueryTermFilter#67&100
uk/co/flax/luwak/SlowLog#97&100
uk/co/flax/luwak/SlowLog#96&100
uk/co/flax/luwak/SlowLog#98&100
uk/co/flax/luwak/QueryIndex$MonitorQueryCollector#252&100
uk/co/flax/luwak/CandidateMatcher#158&100
uk/co/flax/luwak/QueryIndexConfiguration#24&100
uk/co/flax/luwak/matchers/CollectingMatcher#49&100
uk/co/flax/luwak/CandidateMatcher#156&100
uk/co/flax/luwak/matchers/CollectingMatcher$MatchCollector$MatchLeafCollector#93&100
uk/co/flax/luwak/Monitor#190&100
uk/co/flax/luwak/QueryIndexConfiguration#29&100
uk/co/flax/luwak/CandidateMatcher#154&100
uk/co/flax/luwak/QueryIndex$MonitorQueryCollector#257&100
uk/co/flax/luwak/CandidateMatcher#153&100
uk/co/flax/luwak/QueryIndex$MonitorQueryCollector#258&100
uk/co/flax/luwak/CandidateMatcher#152&100
uk/co/flax/luwak/matchers/CollectingMatcher$MatchCollector$MatchLeafCollector#97&100
uk/co/flax/luwak/QueryIndex$MonitorQueryCollector#259&100
uk/co/flax/luwak/matchers/CollectingMatcher#47&100
uk/co/flax/luwak/CandidateMatcher#151&100
uk/co/flax/luwak/matchers/CollectingMatcher#41&100
uk/co/flax/luwak/InputDocument$Builder#158&100
uk/co/flax/luwak/InputDocument$Builder#157&100
uk/co/flax/luwak/CandidateMatcher#68&100
uk/co/flax/luwak/CandidateMatcher#67&100
uk/co/flax/luwak/QueryIndex$MonitorQueryCollector#250&100
uk/co/flax/luwak/QueryTermFilter#71&100
uk/co/flax/luwak/QueryIndex#60&100
uk/co/flax/luwak/QueryIndex$TermsHashBuilder#47&100
uk/co/flax/luwak/SlowLog#68&100
uk/co/flax/luwak/QueryIndex#61&100
uk/co/flax/luwak/QueryIndex#62&100
uk/co/flax/luwak/QueryIndex$TermsHashBuilder#49&100
uk/co/flax/luwak/QueryIndex$TermsHashBuilder#48&100
uk/co/flax/luwak/Monitor#280&100
uk/co/flax/luwak/Monitor#160&100
uk/co/flax/luwak/Monitor#281&100
uk/co/flax/luwak/QueryIndex$TermsHashBuilder#44&100
uk/co/flax/luwak/Monitor#169&100
uk/co/flax/luwak/QueryIndex#68&100
uk/co/flax/luwak/QueryIndex#69&100
uk/co/flax/luwak/QueryIndex#64&100
uk/co/flax/luwak/Monitor#166&100
uk/co/flax/luwak/QueryIndex#65&100
uk/co/flax/luwak/Monitor#167&100
uk/co/flax/luwak/Monitor#288&100
uk/co/flax/luwak/InputDocument#42&100
uk/co/flax/luwak/Monitor#168&100
uk/co/flax/luwak/Monitor#289&100
uk/co/flax/luwak/QueryIndex#67&100
uk/co/flax/luwak/InputDocument#41&100
uk/co/flax/luwak/InputDocument#39&100
uk/co/flax/luwak/QueryIndex$TermsHashBuilder#50&100
uk/co/flax/luwak/DocumentMatches#53&100
uk/co/flax/luwak/SlowLog#74&100
uk/co/flax/luwak/MonitorQuery#79&100
uk/co/flax/luwak/Monitor#172&100
uk/co/flax/luwak/Monitor#293&100
uk/co/flax/luwak/SlowLog#57&100
uk/co/flax/luwak/Monitor#294&100
uk/co/flax/luwak/DocumentBatch#54&100
uk/co/flax/luwak/Monitor#170&100
uk/co/flax/luwak/QueryIndex#57&100
uk/co/flax/luwak/InputDocument#54&100
uk/co/flax/luwak/CandidateMatcher$MatchHolder#45&100
uk/co/flax/luwak/CandidateMatcher$MatchHolder#46&100
uk/co/flax/luwak/MonitorQuery#67&100
uk/co/flax/luwak/MonitorQuery#66&100
uk/co/flax/luwak/MonitorQuery#62&100
uk/co/flax/luwak/DocumentBatch#62&100
uk/co/flax/luwak/SlowLog#66&100
uk/co/flax/luwak/MonitorQuery#68&100
uk/co/flax/luwak/Monitor#262&100
uk/co/flax/luwak/Monitor#263&100
uk/co/flax/luwak/QueryIndex#41&100
uk/co/flax/luwak/matchers/PartitionMatcher#83&100
uk/co/flax/luwak/Monitor#268&100
uk/co/flax/luwak/Monitor#269&100
uk/co/flax/luwak/MonitorQuery#91&100
uk/co/flax/luwak/Monitor#149&100
uk/co/flax/luwak/MonitorQuery#90&100
uk/co/flax/luwak/InputDocument#62&100
uk/co/flax/luwak/matchers/PartitionMatcher#88&100
uk/co/flax/luwak/InputDocument$Builder#104&100
uk/co/flax/luwak/CandidateMatcher#33&100
uk/co/flax/luwak/CandidateMatcher#37&100
uk/co/flax/luwak/CandidateMatcher#36&100
uk/co/flax/luwak/DocumentBatch#71&100
uk/co/flax/luwak/matchers/PartitionMatcher$MatcherWorker#133&100
uk/co/flax/luwak/matchers/PartitionMatcher$MatcherWorker#135&100
uk/co/flax/luwak/matchers/PartitionMatcher#94&100
uk/co/flax/luwak/matchers/PartitionMatcher$MatcherWorker#138&100
uk/co/flax/luwak/Monitor#391&100
uk/co/flax/luwak/QueryIndex#35&100
uk/co/flax/luwak/matchers/PartitionMatcher#97&100
uk/co/flax/luwak/MonitorQuery#80&100
uk/co/flax/luwak/matchers/PartitionMatcher#98&100
uk/co/flax/luwak/QueryIndex#37&100
uk/co/flax/luwak/matchers/PartitionMatcher#95&100
uk/co/flax/luwak/matchers/PartitionMatcher#96&100
uk/co/flax/luwak/Monitor#275&100
uk/co/flax/luwak/Monitor#276&100
uk/co/flax/luwak/QueryIndex#33&100
uk/co/flax/luwak/MonitorQuery#88&100
uk/co/flax/luwak/MonitorQuery#86&100
uk/co/flax/luwak/MonitorQuery#85&100
uk/co/flax/luwak/QueryIndex#29&100
uk/co/flax/luwak/MonitorQuery#84&100
uk/co/flax/luwak/MonitorQuery#83&100
uk/co/flax/luwak/MonitorQuery#82&100
uk/co/flax/luwak/DocumentBatch#80&100
uk/co/flax/luwak/matchers/PartitionMatcher$MatcherWorker#131&100
uk/co/flax/luwak/Monitor#480&100
uk/co/flax/luwak/Monitor#360&100
uk/co/flax/luwak/Monitor#481&100
uk/co/flax/luwak/Monitor#482&100
uk/co/flax/luwak/QueryDecomposer#69&100
uk/co/flax/luwak/SlowLog#26&100
uk/co/flax/luwak/Monitor#362&100
uk/co/flax/luwak/Monitor#241&100
uk/co/flax/luwak/QueryDecomposer#67&100
uk/co/flax/luwak/QueryDecomposer#66&100
uk/co/flax/luwak/SlowLog#29&100
uk/co/flax/luwak/Monitor#126&100
uk/co/flax/luwak/Monitor#368&100
uk/co/flax/luwak/Monitor#248&100
uk/co/flax/luwak/QueryDecomposer#61&100
uk/co/flax/luwak/matchers/SimpleMatcher$SimpleMatchCollector#54&100
uk/co/flax/luwak/Monitor#363&100
uk/co/flax/luwak/QueryDecomposer#60&100
uk/co/flax/luwak/Monitor#244&100
uk/co/flax/luwak/Monitor#245&100
uk/co/flax/luwak/MonitorQuery#180&100
uk/co/flax/luwak/QueryDecomposer#103&100
uk/co/flax/luwak/QueryDecomposer#102&100
uk/co/flax/luwak/MonitorQuery#183&100
uk/co/flax/luwak/QueryDecomposer#107&100
uk/co/flax/luwak/MonitorQuery#181&100
uk/co/flax/luwak/matchers/SimpleMatcher#29&100
uk/co/flax/luwak/MonitorQuery#182&100
uk/co/flax/luwak/MonitorQuery#187&100
uk/co/flax/luwak/MonitorQuery#185&100
uk/co/flax/luwak/MonitorQuery#189&100
uk/co/flax/luwak/Monitor#370&100
uk/co/flax/luwak/Monitor#251&100
uk/co/flax/luwak/Monitor#252&100
uk/co/flax/luwak/Monitor#373&100
uk/co/flax/luwak/Monitor#494&100
uk/co/flax/luwak/QueryIndex#92&100
uk/co/flax/luwak/Monitor#257&100
uk/co/flax/luwak/Monitor#378&100
uk/co/flax/luwak/Monitor#137&100
uk/co/flax/luwak/Monitor#258&100
uk/co/flax/luwak/DocumentBatch#159&100
uk/co/flax/luwak/Monitor#374&100
uk/co/flax/luwak/QueryDecomposer#70&100
uk/co/flax/luwak/Monitor#375&100
uk/co/flax/luwak/Monitor#496&100
uk/co/flax/luwak/QueryDecomposer#71&100
uk/co/flax/luwak/Monitor#376&100
uk/co/flax/luwak/Monitor#497&100
uk/co/flax/luwak/Monitor#256&100
uk/co/flax/luwak/Monitor#377&100
uk/co/flax/luwak/Monitor#498&100
uk/co/flax/luwak/MonitorQuery#191&100
uk/co/flax/luwak/matchers/SimpleMatcher#39&100
uk/co/flax/luwak/DocumentBatch$MultiDocumentBatch#203&100
uk/co/flax/luwak/DocumentBatch$MultiDocumentBatch#204&100
uk/co/flax/luwak/DocumentBatch$MultiDocumentBatch#209&100
uk/co/flax/luwak/DocumentBatch$MultiDocumentBatch#207&100
uk/co/flax/luwak/Monitor#582&100
uk/co/flax/luwak/DocumentBatch$MultiDocumentBatch#208&100
uk/co/flax/luwak/QueryDecomposer#89&100
uk/co/flax/luwak/QueryDecomposer#87&100
uk/co/flax/luwak/Monitor#103&100
uk/co/flax/luwak/Monitor#224&100
uk/co/flax/luwak/Monitor#345&100
uk/co/flax/luwak/QueryDecomposer#85&100
uk/co/flax/luwak/Monitor#225&100
uk/co/flax/luwak/QueryDecomposer#86&100
uk/co/flax/luwak/QueryDecomposer#119&100
uk/co/flax/luwak/Monitor#105&100
uk/co/flax/luwak/Monitor#226&100
uk/co/flax/luwak/Monitor#347&100
uk/co/flax/luwak/QueryDecomposer#83&100
uk/co/flax/luwak/Monitor#462&100
uk/co/flax/luwak/Monitor#583&100
uk/co/flax/luwak/QueryDecomposer#82&100
uk/co/flax/luwak/QueryIndex#87&100
uk/co/flax/luwak/Monitor#101&100
uk/co/flax/luwak/Monitor#344&100
uk/co/flax/luwak/QueryDecomposer#123&100
uk/co/flax/luwak/QueryDecomposer#122&100
uk/co/flax/luwak/QueryDecomposer#125&100
uk/co/flax/luwak/Monitor#228&100
uk/co/flax/luwak/Monitor#349&100
uk/co/flax/luwak/Monitor#229&100
uk/co/flax/luwak/MonitorQuery#165&100
uk/co/flax/luwak/DocumentBatch$MultiDocumentBatch#212&100
uk/co/flax/luwak/MonitorQuery#166&100
uk/co/flax/luwak/DocumentBatch$MultiDocumentBatch#210&100
uk/co/flax/luwak/MonitorQuery#164&100
uk/co/flax/luwak/DocumentMatches#38&100
uk/co/flax/luwak/matchers/SimpleMatcher#45&100
uk/co/flax/luwak/QueryDecomposer#121&100
uk/co/flax/luwak/MonitorQuery#167&100
uk/co/flax/luwak/DocumentBatch$MultiDocumentBatch#214&100
uk/co/flax/luwak/QueryDecomposer#120&100
uk/co/flax/luwak/MonitorQuery#168&100
uk/co/flax/luwak/QueryIndex#71&100
uk/co/flax/luwak/Monitor#350&100
uk/co/flax/luwak/Monitor#593&100
uk/co/flax/luwak/QueryIndex#74&100
uk/co/flax/luwak/Monitor#356&100
uk/co/flax/luwak/Monitor#235&100
uk/co/flax/luwak/QueryDecomposer#96&100
uk/co/flax/luwak/QueryDecomposer#109&100
uk/co/flax/luwak/Monitor#115&100
uk/co/flax/luwak/Monitor#357&100
uk/co/flax/luwak/QueryDecomposer#108&100
uk/co/flax/luwak/DocumentBatch#136&100
uk/co/flax/luwak/Monitor#237&100
uk/co/flax/luwak/Monitor#238&100
uk/co/flax/luwak/QueryDecomposer#95&100
uk/co/flax/luwak/DocumentBatch#138&100
uk/co/flax/luwak/Monitor#594&100
uk/co/flax/luwak/QueryDecomposer#92&100
uk/co/flax/luwak/QueryIndex#75&100
uk/co/flax/luwak/Monitor#353&100
uk/co/flax/luwak/Monitor#232&100
uk/co/flax/luwak/QueryDecomposer#93&100
uk/co/flax/luwak/QueryDecomposer#90&100
uk/co/flax/luwak/QueryIndex#77&100
uk/co/flax/luwak/Monitor#355&100
uk/co/flax/luwak/Monitor#234&100
uk/co/flax/luwak/QueryDecomposer#91&100
uk/co/flax/luwak/QueryDecomposer#113&100
uk/co/flax/luwak/MonitorQuery#172&100
uk/co/flax/luwak/QueryDecomposer#118&100
uk/co/flax/luwak/MonitorQuery#170&100
uk/co/flax/luwak/SlowLog#100&100
uk/co/flax/luwak/DocumentMatches#46&100
uk/co/flax/luwak/DocumentBatch$MultiDocumentBatch#228&100
uk/co/flax/luwak/MonitorQuery#178&100
uk/co/flax/luwak/MonitorQuery#179&100
uk/co/flax/luwak/Monitor#446&100
uk/co/flax/luwak/Monitor#447&100
uk/co/flax/luwak/Monitor#448&100
uk/co/flax/luwak/QueryMatch#42&100
uk/co/flax/luwak/Monitor#449&100
uk/co/flax/luwak/QueryMatch#41&100
uk/co/flax/luwak/QueryMatch#43&100
uk/co/flax/luwak/MonitorQuery#145&100
uk/co/flax/luwak/MonitorQuery#149&100
uk/co/flax/luwak/matchers/PartitionMatcher#171&100
uk/co/flax/luwak/QueryDecomposer#30&100
uk/co/flax/luwak/QueryIndex#202&100
uk/co/flax/luwak/Monitor#332&100
uk/co/flax/luwak/Monitor#333&100
uk/co/flax/luwak/MonitorQuery#150&100
uk/co/flax/luwak/Monitor#219&100
uk/co/flax/luwak/MonitorQuery#158&100
uk/co/flax/luwak/MonitorQuery#157&100
uk/co/flax/luwak/util/CollectionUtils#23&100
uk/co/flax/luwak/MonitorQuery#116&100
uk/co/flax/luwak/util/ForceNoBulkScoringQuery$1#69&100
uk/co/flax/luwak/util/CollectionUtils#27&100
uk/co/flax/luwak/QueryDecomposer#45&100
uk/co/flax/luwak/util/CollectionUtils#28&100
uk/co/flax/luwak/QueryDecomposer#46&100
uk/co/flax/luwak/util/CollectionUtils#29&100
uk/co/flax/luwak/QueryDecomposer#43&100
uk/co/flax/luwak/QueryDecomposer#44&100
uk/co/flax/luwak/Monitor#424&100
uk/co/flax/luwak/QueryDecomposer#40&100
uk/co/flax/luwak/Monitor$StandardQueryCollector#547&100
uk/co/flax/luwak/Monitor#540&100
uk/co/flax/luwak/Monitor#542&100
uk/co/flax/luwak/Monitor#309&100
uk/co/flax/luwak/Monitor$StandardQueryCollector#552&100
uk/co/flax/luwak/Monitor#307&100
uk/co/flax/luwak/util/CollectionUtils#33&100
uk/co/flax/luwak/util/CollectionUtils#36&100
uk/co/flax/luwak/util/CollectionUtils#38&100
uk/co/flax/luwak/QueryDecomposer#56&100
uk/co/flax/luwak/QueryIndex#100&100
uk/co/flax/luwak/Monitor#312&100
uk/co/flax/luwak/Monitor#433&100
uk/co/flax/luwak/Monitor#313&100
uk/co/flax/luwak/QueryDecomposer#53&100
uk/co/flax/luwak/Matches#95&100
uk/co/flax/luwak/QueryIndex#102&100
uk/co/flax/luwak/Monitor#432&100
uk/co/flax/luwak/QueryIndex#106&100
uk/co/flax/luwak/Matches#98&100
uk/co/flax/luwak/Monitor$StandardQueryCollector#562&100
uk/co/flax/luwak/Monitor$StandardQueryCollector#565&100
uk/co/flax/luwak/util/CollectionUtils#40&100
uk/co/flax/luwak/util/CollectionUtils#41&100
uk/co/flax/luwak/matchers/PartitionMatcher#187&100
uk/co/flax/luwak/matchers/PartitionMatcher#188&100
uk/co/flax/luwak/util/CollectionUtils#43&100
uk/co/flax/luwak/matchers/PartitionMatcher$MatcherWorker#124&100
uk/co/flax/luwak/presearcher/MatchAllPresearcher#35&100
uk/co/flax/luwak/QueryIndex#110&100
uk/co/flax/luwak/QueryIndex#111&100
uk/co/flax/luwak/Matches#80&100
uk/co/flax/luwak/Monitor#400&100
uk/co/flax/luwak/Monitor#401&100
uk/co/flax/luwak/Monitor#523&100
uk/co/flax/luwak/QueryIndex#112&100
uk/co/flax/luwak/Monitor#403&100
uk/co/flax/luwak/Monitor#524&100
uk/co/flax/luwak/QueryIndex#113&100
uk/co/flax/luwak/QueryIndex#118&100
uk/co/flax/luwak/QueryIndex#109&100
uk/co/flax/luwak/util/ForceNoBulkScoringQuery$1#82&100
uk/co/flax/luwak/matchers/CollectingMatcher$MatchCollector$MatchLeafCollector#102&100
uk/co/flax/luwak/matchers/CollectingMatcher$MatchCollector$MatchLeafCollector#104&100
uk/co/flax/luwak/DocumentBatch$SingletonDocumentBatch#237&100
uk/co/flax/luwak/DocumentBatch$SingletonDocumentBatch#235&100
uk/co/flax/luwak/MonitorQuery#103&100
uk/co/flax/luwak/MonitorQuery#104&100
uk/co/flax/luwak/util/ForceNoBulkScoringQuery$1#87&100
uk/co/flax/luwak/MonitorQuery#107&100
uk/co/flax/luwak/MonitorQuery#108&100
uk/co/flax/luwak/presearcher/MatchAllPresearcher#40&100
uk/co/flax/luwak/MonitorQuery#106&100
uk/co/flax/luwak/matchers/PartitionMatcher#71&100
uk/co/flax/luwak/presearcher/MatchAllPresearcher#45&100
uk/co/flax/luwak/MonitorQuery#109&100
uk/co/flax/luwak/Monitor#412&100
uk/co/flax/luwak/matchers/PartitionMatcher$MatcherWorker#119&100
uk/co/flax/luwak/Monitor#413&100
uk/co/flax/luwak/matchers/PartitionMatcher#74&100
uk/co/flax/luwak/matchers/PartitionMatcher#78&100
uk/co/flax/luwak/QueryMatch#70&100
uk/co/flax/luwak/Monitor#415&100
uk/co/flax/luwak/Monitor#536&100
uk/co/flax/luwak/DocumentBatch$SingletonDocumentBatch#243&100
uk/co/flax/luwak/QueryMatch#75&100
uk/co/flax/luwak/Monitor#537&100
uk/co/flax/luwak/DocumentBatch$SingletonDocumentBatch#244&100
uk/co/flax/luwak/Monitor#538&100
uk/co/flax/luwak/DocumentBatch$SingletonDocumentBatch#241&100
uk/co/flax/luwak/Monitor#539&100
uk/co/flax/luwak/DocumentBatch$SingletonDocumentBatch#242&100
uk/co/flax/luwak/MonitorQuery#110&100
uk/co/flax/luwak/MonitorQuery#111&100
uk/co/flax/luwak/DocumentBatch$SingletonDocumentBatch#245&100
uk/co/flax/luwak/util/ForceNoBulkScoringQuery$1#72&100
uk/co/flax/luwak/DocumentBatch$SingletonDocumentBatch#246&100
uk/co/flax/luwak/MonitorQuery#115&100
uk/co/flax/luwak/DocumentBatch$SingletonDocumentBatch#249&100
uk/co/flax/luwak/MonitorQuery#113&100
uk/co/flax/luwak/util/ForceNoBulkScoringQuery$1#77&100
uk/co/flax/luwak/Indexable#19&100
uk/co/flax/luwak/Matches#63&100
uk/co/flax/luwak/Monitor#507&100
uk/co/flax/luwak/DocumentBatch$SingletonDocumentBatch#250&100
uk/co/flax/luwak/Matches#68&100
uk/co/flax/luwak/Matches#67&100
uk/co/flax/luwak/MonitorQuery#53&100
uk/co/flax/luwak/MonitorQuery#52&100
uk/co/flax/luwak/QueryMatch#65&100
uk/co/flax/luwak/Monitor$PresearcherQueryBuilder#465&100
uk/co/flax/luwak/DocumentBatch$MultiDocumentBatch#178&100
uk/co/flax/luwak/Monitor$PresearcherQueryBuilder#469&100
uk/co/flax/luwak/Matches#53&100
uk/co/flax/luwak/DocumentBatch$SingletonDocumentBatch#261&100
uk/co/flax/luwak/DocumentBatch$MultiDocumentBatch#180&100
uk/co/flax/luwak/DocumentBatch$SingletonDocumentBatch#260&100
uk/co/flax/luwak/DocumentBatch$MultiDocumentBatch#186&100
uk/co/flax/luwak/util/ForceNoBulkScoringQuery$1#92&100
uk/co/flax/luwak/Monitor#515&100
uk/co/flax/luwak/DocumentBatch$SingletonDocumentBatch#266&100
uk/co/flax/luwak/DocumentBatch$MultiDocumentBatch#187&100
uk/co/flax/luwak/DocumentBatch$MultiDocumentBatch#185&100
uk/co/flax/luwak/DocumentBatch$MultiDocumentBatch#188&100
uk/co/flax/luwak/DocumentBatch$MultiDocumentBatch#189&100
uk/co/flax/luwak/Monitor$PresearcherQueryBuilder#475&100
uk/co/flax/luwak/MonitorQuery#49&100
