uk/co/flax/luwak/QueryMatch.getDocId()Ljava/lang/String;
uk/co/flax/luwak/DocumentBatch.getSearcher()Lorg/apache/lucene/search/IndexSearcher;
uk/co/flax/luwak/DocumentBatch.iterator()Ljava/util/Iterator;
uk/co/flax/luwak/CandidateMatcher.addMatch(Ljava/lang/String;Ljava/lang/String;Luk/co/flax/luwak/QueryMatch;)V
uk/co/flax/luwak/matchers/PartitionMatcher$MatcherWorker.call()Ljava/lang/Object;
uk/co/flax/luwak/matchers/CollectingMatcher.access$300(Luk/co/flax/luwak/matchers/CollectingMatcher;Luk/co/flax/luwak/QueryMatch;)V
uk/co/flax/luwak/CandidateMatcher.getMatches()Luk/co/flax/luwak/Matches;
uk/co/flax/luwak/util/ForceNoBulkScoringQuery.rewrite(Lorg/apache/lucene/index/IndexReader;)Lorg/apache/lucene/search/Query;
uk/co/flax/luwak/DocumentBatch.getBatchSize()I
uk/co/flax/luwak/matchers/CollectingMatcher.doMatchQuery(Ljava/lang/String;Lorg/apache/lucene/search/Query;Ljava/util/Map;)V
uk/co/flax/luwak/matchers/SimpleMatcher.doMatch(Ljava/lang/String;Ljava/lang/String;Lorg/apache/lucene/search/Scorer;)Luk/co/flax/luwak/QueryMatch;
uk/co/flax/luwak/CandidateMatcher.lambda$addMatch$0(Ljava/lang/String;)Luk/co/flax/luwak/CandidateMatcher$MatchHolder;
uk/co/flax/luwak/InputDocument.getId()Ljava/lang/String;
uk/co/flax/luwak/matchers/CollectingMatcher.access$200(Luk/co/flax/luwak/matchers/CollectingMatcher;)Luk/co/flax/luwak/DocumentBatch;
uk/co/flax/luwak/util/ForceNoBulkScoringQuery$1.getValueForNormalization()F
uk/co/flax/luwak/matchers/CollectingMatcher$MatchCollector$MatchLeafCollector.collect(I)V
uk/co/flax/luwak/util/ForceNoBulkScoringQuery$1.scorer(Lorg/apache/lucene/index/LeafReaderContext;)Lorg/apache/lucene/search/Scorer;
uk/co/flax/luwak/CandidateMatcher.lambda$addMatch$1(Luk/co/flax/luwak/QueryMatch;Ljava/lang/String;Luk/co/flax/luwak/QueryMatch;)Luk/co/flax/luwak/QueryMatch;
uk/co/flax/luwak/matchers/CollectingMatcher$MatchCollector.access$002(Luk/co/flax/luwak/matchers/CollectingMatcher$MatchCollector;Lorg/apache/lucene/search/Scorer;)Lorg/apache/lucene/search/Scorer;
uk/co/flax/luwak/CandidateMatcher.addMatch(Luk/co/flax/luwak/QueryMatch;)V
uk/co/flax/luwak/matchers/CollectingMatcher$MatchCollector.getLeafCollector(Lorg/apache/lucene/index/LeafReaderContext;)Lorg/apache/lucene/search/LeafCollector;
uk/co/flax/luwak/matchers/CollectingMatcher$MatchCollector.access$000(Luk/co/flax/luwak/matchers/CollectingMatcher$MatchCollector;)Lorg/apache/lucene/search/Scorer;
uk/co/flax/luwak/TestSlowLog$SlowQueryParser$1.createWeight(Lorg/apache/lucene/search/IndexSearcher;Z)Lorg/apache/lucene/search/Weight;
uk/co/flax/luwak/CandidateMatcher.matchQuery(Ljava/lang/String;Lorg/apache/lucene/search/Query;Ljava/util/Map;)V
uk/co/flax/luwak/matchers/SimpleMatcher.buildMatchCollector(Ljava/lang/String;)Luk/co/flax/luwak/matchers/CollectingMatcher$MatchCollector;
uk/co/flax/luwak/TestSlowLog$SlowQueryParser$1$1.getMatchingDocs(Lorg/apache/lucene/index/LeafReaderContext;)Lorg/apache/lucene/util/Bits;
uk/co/flax/luwak/DocumentMatches.noMatches(Ljava/lang/String;)Luk/co/flax/luwak/DocumentMatches;
uk/co/flax/luwak/SlowLog.addQuery(Ljava/lang/String;J)V
uk/co/flax/luwak/DocumentBatch$SingletonDocumentBatch.getIndexReader()Lorg/apache/lucene/index/LeafReader;
uk/co/flax/luwak/util/ForceNoBulkScoringQuery.createWeight(Lorg/apache/lucene/search/IndexSearcher;Z)Lorg/apache/lucene/search/Weight;
uk/co/flax/luwak/matchers/CollectingMatcher$MatchCollector$MatchLeafCollector.setScorer(Lorg/apache/lucene/search/Scorer;)V
uk/co/flax/luwak/DocumentBatch$SingletonDocumentBatch.resolveDocId(I)Ljava/lang/String;
uk/co/flax/luwak/matchers/PartitionMatcher$MatcherWorker.call()Luk/co/flax/luwak/Matches;
uk/co/flax/luwak/util/ForceNoBulkScoringQuery$1.normalize(FF)V
uk/co/flax/luwak/matchers/CollectingMatcher$MatchCollector.access$100(Luk/co/flax/luwak/matchers/CollectingMatcher$MatchCollector;)Ljava/lang/String;
uk/co/flax/luwak/QueryMatch.getQueryId()Ljava/lang/String;
uk/co/flax/luwak/matchers/SimpleMatcher$SimpleMatchCollector.needsScores()Z
