org/platformlambda/core/util/MultiLevelMap.isListElement(Ljava/lang/String;)Z
org/platformlambda/core/util/MultiLevelMap.isComposite(Ljava/lang/String;)Z
org/platformlambda/core/system/ServiceDef.getFunction()Lorg/platformlambda/core/models/TypedLambdaFunction;
org/platformlambda/core/system/Platform.getName()Ljava/lang/String;
org/platformlambda/core/util/CryptoApi.getMd5([B)[B
org/platformlambda/core/system/ServiceDef.inputIsEnvelope()Z
org/platformlambda/core/system/EventEmitter.lambda$new$1(Ljava/lang/String;)V
org/platformlambda/core/system/EventEmitter.loadRouteSubstitution()V
org/platformlambda/core/util/MultiLevelMap.validateCompositePathSyntax(Ljava/lang/String;)V
org/platformlambda/core/util/MultiLevelMap.getIndexes(Ljava/lang/String;)Ljava/util/List;
org/platformlambda/core/system/EventEmitter.getInstance()Lorg/platformlambda/core/system/EventEmitter;
org/platformlambda/core/util/AppConfigReader.getProperty(Ljava/lang/String;Ljava/lang/String;)Ljava/lang/String;
org/platformlambda/core/system/Platform.registerPrivate(Ljava/lang/String;Lorg/platformlambda/core/models/TypedLambdaFunction;I)V
org/platformlambda/core/system/EventEmitter.addRouteSubstitution(Ljava/lang/String;Ljava/lang/String;)V
org/platformlambda/core/system/EventEmitter.lambda$new$0(Ljava/lang/String;)V
org/platformlambda/core/util/MultiLevelMap.getElement(Ljava/lang/String;)Ljava/lang/Object;
org/platformlambda/core/system/Platform.lambda$waitForProviders$3(Ljava/util/List;ILio/vertx/core/Promise;)V
org/platformlambda/core/system/EventEmitter.loadMulticast(Ljava/lang/String;Ljava/util/Map;)V
org/platformlambda/core/util/AppConfigReader.getInstance()Lorg/platformlambda/core/util/AppConfigReader;
org/platformlambda/core/system/ServiceDef.isCoroutine()Z
org/platformlambda/core/util/MultiLevelMap.getElement(Ljava/lang/String;Ljava/util/Map;)Ljava/lang/Object;
org/platformlambda/core/system/Platform.waitForProvider(Ljava/lang/String;I)Lio/vertx/core/Future;
org/platformlambda/core/system/Platform.hasRoute(Ljava/lang/String;)Z
org/platformlambda/core/system/Platform.lambda$waitForProviders$6(Lio/vertx/core/Promise;Ljava/util/List;IILjava/lang/Long;)V
org/platformlambda/core/system/Platform.initialize()V
org/platformlambda/core/util/CryptoApi.getHash([BLjava/lang/String;)[B
org/platformlambda/core/system/EventEmitter.loadJournalRoutes(Ljava/util/Map;)V
org/platformlambda/core/system/Platform.getOrigin()Ljava/lang/String;
org/platformlambda/core/system/LocalPubSub.getInstance()Lorg/platformlambda/core/system/LocalPubSub;
org/platformlambda/core/system/ServiceQueue.access$300(Lorg/platformlambda/core/system/ServiceQueue;)Z
org/platformlambda/core/system/ServiceQueue.access$500(Lorg/platformlambda/core/system/ServiceQueue;)Ljava/util/concurrent/ConcurrentLinkedQueue;
org/platformlambda/core/system/Platform.getInstance()Lorg/platformlambda/core/system/Platform;
org/platformlambda/core/util/SimpleCache.get(Ljava/lang/String;)Ljava/lang/Object;
org/platformlambda/core/system/WorkerQueues.started()V
org/platformlambda/core/system/ServiceDef.isPrivate()Z
org/platformlambda/core/util/MultiLevelMap.getMap()Ljava/util/Map;
org/platformlambda/core/system/Platform.getEventSystem()Lio/vertx/core/eventbus/EventBus;
org/platformlambda/core/system/LocalPubSub.lambda$createTopic$0(Ljava/lang/String;Ljava/lang/String;)Ljava/util/List;
org/platformlambda/core/system/ServiceQueue$ServiceHandler.handle(Ljava/lang/Object;)V
org/platformlambda/core/util/AppConfigReader.getProperty(Ljava/lang/String;)Ljava/lang/String;
org/platformlambda/core/util/AppConfigReader.get(Ljava/lang/String;)Ljava/lang/Object;
org/platformlambda/core/system/ServiceQueue.access$302(Lorg/platformlambda/core/system/ServiceQueue;Z)Z
org/platformlambda/core/system/ServiceDef.isInterceptor()Z
org/platformlambda/core/system/ServiceQueue.access$400(Lorg/platformlambda/core/system/ServiceQueue;)Lorg/platformlambda/core/util/ElasticQueue;
org/platformlambda/core/util/ElasticQueue.close()V
org/platformlambda/core/util/MultiLevelMap.getListElement(Ljava/util/List;Ljava/util/List;)Ljava/lang/Object;
org/platformlambda/core/system/ServiceDef.isTrackable()Z
org/platformlambda/core/system/ServiceDef.isStream()Z
org/platformlambda/core/util/ElasticQueue.resetCounter()V
org/platformlambda/core/system/ServiceQueue.access$700(Lorg/platformlambda/core/system/ServiceQueue;)Ljava/lang/String;
org/platformlambda/core/util/MultiLevelMap.setListElement(Ljava/util/List;Ljava/util/List;Ljava/lang/Object;)V
org/platformlambda/core/system/Platform.lambda$waitForProviders$5(Lio/vertx/core/Promise;)V
org/platformlambda/core/system/Platform.getValidatedRoute(Ljava/lang/String;)Ljava/lang/String;
org/platformlambda/core/system/ServiceDef.getRoute()Ljava/lang/String;
org/platformlambda/core/system/Platform.waitForProviders(Lio/vertx/core/Promise;Ljava/util/List;II)V
org/platformlambda/core/system/Platform.hasRoute(Ljava/util/List;)Z
org/platformlambda/core/util/MultiLevelMap.setElement(Ljava/lang/String;Ljava/lang/Object;Ljava/util/Map;Z)V
org/platformlambda/core/system/Platform.getVertx()Lio/vertx/core/Vertx;
org/platformlambda/core/system/ServiceDef.setManager(Lorg/platformlambda/core/system/ServiceQueue;)V
org/platformlambda/core/system/ServiceQueue$ServiceHandler.lambda$handle$0(Ljava/lang/String;Ljava/lang/String;)Ljava/lang/Boolean;
org/platformlambda/core/system/ServiceDef.setPrivate(Z)Lorg/platformlambda/core/system/ServiceDef;
org/platformlambda/core/util/ElasticQueue.read()[B
org/platformlambda/core/system/ServiceQueue$ServiceHandler.getWorker(Ljava/lang/String;)Ljava/lang/String;
org/platformlambda/core/util/MultiLevelMap.setElement(Ljava/lang/String;Ljava/lang/Object;)Lorg/platformlambda/core/util/MultiLevelMap;
org/platformlambda/core/system/ServiceQueue$ServiceHandler.handle(Lio/vertx/core/eventbus/Message;)V
org/platformlambda/core/util/SimpleCache.put(Ljava/lang/String;Ljava/lang/Object;)V
org/platformlambda/core/system/Platform.register(Ljava/lang/String;Lorg/platformlambda/core/models/TypedLambdaFunction;ZI)V
org/platformlambda/core/system/Platform.lambda$waitForProviders$2(Lio/vertx/core/Promise;Ljava/util/List;ILjava/lang/Long;)V
org/platformlambda/core/system/Platform.getEventExecutor()Ljava/util/concurrent/ExecutorService;
org/platformlambda/core/system/LocalPubSub.createTopic(Ljava/lang/String;)V
org/platformlambda/core/system/EventEmitter.addRouteSubstitution(Ljava/lang/String;Ljava/lang/String;Ljava/lang/String;)V
org/platformlambda/core/util/ElasticQueue.isClosed()Z
org/platformlambda/core/system/Platform.logRecently(Ljava/lang/String;Ljava/lang/String;)V
org/platformlambda/core/system/ServiceQueue.access$200(Lorg/platformlambda/core/system/ServiceQueue;)Ljava/util/concurrent/ConcurrentMap;
org/platformlambda/core/system/Platform.waitForProviders(Ljava/util/List;I)Lio/vertx/core/Future;
org/platformlambda/core/util/SimpleCache.exists(Ljava/lang/String;)Z
org/platformlambda/core/system/ServiceDef.isKotlin()Z
org/platformlambda/core/util/MultiLevelMap.expandList(Ljava/util/List;Ljava/util/List;)Ljava/util/List;
org/platformlambda/core/system/EventEmitter.getRouteSubstitutionConfig(Ljava/lang/String;)Lorg/platformlambda/core/util/ConfigReader;
org/platformlambda/core/MulticastTest.routingTest()V
org/platformlambda/core/util/ElasticQueue.shutdown()V
org/platformlambda/core/system/ServiceQueue.access$100(Lorg/platformlambda/core/system/ServiceQueue;)Z
org/platformlambda/core/system/ServiceDef.setConcurrency(I)Lorg/platformlambda/core/system/ServiceDef;
