100
nl/nlighten/prometheus/tomcat/TomcatServletMetricsFilter#118
