nl/nlighten/prometheus/tomcat/TomcatJdbcInterceptor#75&100
