nl/nlighten/prometheus/tomcat/TomcatJdbcInterceptor#115&100
nl/nlighten/prometheus/tomcat/TomcatJdbcInterceptor#114&100
nl/nlighten/prometheus/tomcat/TomcatJdbcInterceptor#117&100
nl/nlighten/prometheus/tomcat/TomcatJdbcInterceptor#116&100
nl/nlighten/prometheus/tomcat/TomcatJdbcInterceptor#154&100
nl/nlighten/prometheus/tomcat/TomcatJdbcInterceptor#198&100
nl/nlighten/prometheus/tomcat/TomcatJdbcInterceptor#1&100
nl/nlighten/prometheus/tomcat/TomcatServletMetricsFilter#1&100
nl/nlighten/prometheus/tomcat/TomcatServletMetricsFilter#136&100
nl/nlighten/prometheus/tomcat/TomcatJdbcInterceptor#113&100
nl/nlighten/prometheus/tomcat/TomcatServletMetricsFilter#137&100
nl/nlighten/prometheus/tomcat/TomcatJdbcInterceptor#112&100
nl/nlighten/prometheus/tomcat/TomcatJdbcInterceptor#156&100
nl/nlighten/prometheus/tomcat/TomcatServletMetricsFilter#129&100
nl/nlighten/prometheus/tomcat/TomcatJdbcInterceptor#108&100
nl/nlighten/prometheus/tomcat/TomcatJdbcInterceptor#99&100
nl/nlighten/prometheus/tomcat/TomcatJdbcInterceptor#109&100
nl/nlighten/prometheus/tomcat/TomcatServletMetricsFilter#100&100
nl/nlighten/prometheus/tomcat/TomcatJdbcInterceptor#144&100
nl/nlighten/prometheus/tomcat/TomcatJdbcInterceptor#102&100
nl/nlighten/prometheus/tomcat/TomcatJdbcInterceptor#146&100
nl/nlighten/prometheus/tomcat/TomcatJdbcInterceptor#90&100
nl/nlighten/prometheus/tomcat/TomcatJdbcInterceptor#153&100
nl/nlighten/prometheus/tomcat/TomcatJdbcInterceptor#96&100
nl/nlighten/prometheus/tomcat/TomcatJdbcInterceptor#93&100
nl/nlighten/prometheus/tomcat/TomcatJdbcInterceptor#92&100
nl/nlighten/prometheus/tomcat/TomcatJdbcInterceptor#91&100
nl/nlighten/prometheus/tomcat/TomcatJdbcInterceptor#89&100
nl/nlighten/prometheus/tomcat/TomcatJdbcInterceptor#88&100
nl/nlighten/prometheus/tomcat/TomcatServletMetricsFilter#112&100
nl/nlighten/prometheus/tomcat/TomcatJdbcInterceptor#133&100
nl/nlighten/prometheus/tomcat/TomcatServletMetricsFilter#113&100
nl/nlighten/prometheus/tomcat/TomcatJdbcInterceptor#132&100
nl/nlighten/prometheus/tomcat/TomcatJdbcInterceptor#134&100
nl/nlighten/prometheus/tomcat/TomcatServletMetricsFilter#106&100
nl/nlighten/prometheus/tomcat/TomcatServletMetricsFilter#107&100
nl/nlighten/prometheus/tomcat/TomcatJdbcInterceptor#142&100
nl/nlighten/prometheus/tomcat/TomcatJdbcInterceptor#141&100
nl/nlighten/prometheus/tomcat/TomcatServletMetricsFilter#109&100
nl/nlighten/prometheus/tomcat/TomcatJdbcInterceptor#81&100
nl/nlighten/prometheus/tomcat/TomcatJdbcInterceptor#78&100
nl/nlighten/prometheus/tomcat/TomcatJdbcInterceptor#126&100
nl/nlighten/prometheus/tomcat/TomcatServletMetricsFilter#120&100
nl/nlighten/prometheus/tomcat/TomcatJdbcInterceptor#127&100
nl/nlighten/prometheus/tomcat/TomcatServletMetricsFilter#123&100
nl/nlighten/prometheus/tomcat/TomcatJdbcInterceptor#121&100
nl/nlighten/prometheus/tomcat/TomcatJdbcInterceptor#123&100
nl/nlighten/prometheus/tomcat/TomcatServletMetricsFilter#116&100
nl/nlighten/prometheus/tomcat/TomcatServletMetricsFilter#118&100
nl/nlighten/prometheus/tomcat/TomcatJdbcInterceptor#131&100
nl/nlighten/prometheus/tomcat/TomcatServletMetricsFilter#119&100
nl/nlighten/prometheus/tomcat/TomcatJdbcInterceptor#130&100
nl/nlighten/prometheus/tomcat/TomcatJdbcInterceptor#75&100
