uk/co/flax/luwak/matchers/CollectingMatcher#33&100
uk/co/flax/luwak/matchers/CollectingMatcher#51&100
uk/co/flax/luwak/matchers/CollectingMatcher#52&100
uk/co/flax/luwak/CandidateMatcher#160&100
uk/co/flax/luwak/matchers/CollectingMatcher#53&100
uk/co/flax/luwak/matchers/CollectingMatcher#50&100
uk/co/flax/luwak/DocumentBatch#160&100
uk/co/flax/luwak/DocumentBatch#161&100
uk/co/flax/luwak/CandidateMatcher#96&100
uk/co/flax/luwak/util/ForceNoBulkScoringQuery$1#82&100
uk/co/flax/luwak/matchers/CollectingMatcher$MatchCollector$MatchLeafCollector#102&100
uk/co/flax/luwak/DocumentBatch#167&100
uk/co/flax/luwak/matchers/CollectingMatcher$MatchCollector$MatchLeafCollector#104&100
uk/co/flax/luwak/DocumentMatches#38&100
uk/co/flax/luwak/matchers/SimpleMatcher#45&100
uk/co/flax/luwak/matchers/CollectingMatcher$MatchCollector#85&100
uk/co/flax/luwak/util/ForceNoBulkScoringQuery$1#87&100
uk/co/flax/luwak/CandidateMatcher#158&100
uk/co/flax/luwak/SlowLog#57&100
uk/co/flax/luwak/matchers/CollectingMatcher#49&100
uk/co/flax/luwak/matchers/PartitionMatcher$MatcherWorker#133&100
uk/co/flax/luwak/CandidateMatcher#156&100
uk/co/flax/luwak/matchers/PartitionMatcher$MatcherWorker#135&100
uk/co/flax/luwak/CandidateMatcher#154&100
uk/co/flax/luwak/CandidateMatcher#153&100
uk/co/flax/luwak/CandidateMatcher#152&100
uk/co/flax/luwak/matchers/PartitionMatcher$MatcherWorker#138&100
uk/co/flax/luwak/matchers/CollectingMatcher$MatchCollector$MatchLeafCollector#97&100
uk/co/flax/luwak/matchers/CollectingMatcher#47&100
uk/co/flax/luwak/CandidateMatcher#151&100
uk/co/flax/luwak/matchers/PartitionMatcher$MatcherWorker#119&100
uk/co/flax/luwak/DocumentBatch#159&100
uk/co/flax/luwak/CandidateMatcher#82&100
uk/co/flax/luwak/DocumentBatch$SingletonDocumentBatch#261&100
uk/co/flax/luwak/CandidateMatcher#83&100
uk/co/flax/luwak/DocumentBatch#174&100
uk/co/flax/luwak/DocumentBatch#1&100
uk/co/flax/luwak/CandidateMatcher#1&100
uk/co/flax/luwak/util/ForceNoBulkScoringQuery$1#1&100
uk/co/flax/luwak/matchers/CollectingMatcher$MatchCollector$MatchLeafCollector#1&100
uk/co/flax/luwak/DocumentBatch$SingletonDocumentBatch#260&100
uk/co/flax/luwak/CandidateMatcher#85&100
uk/co/flax/luwak/util/ForceNoBulkScoringQuery#69&100
uk/co/flax/luwak/util/ForceNoBulkScoringQuery#44&100
uk/co/flax/luwak/util/ForceNoBulkScoringQuery$1#92&100
uk/co/flax/luwak/util/ForceNoBulkScoringQuery#67&100
uk/co/flax/luwak/CandidateMatcher#68&100
uk/co/flax/luwak/matchers/SimpleMatcher#39&100
uk/co/flax/luwak/CandidateMatcher#67&100
uk/co/flax/luwak/util/ForceNoBulkScoringQuery#43&100
uk/co/flax/luwak/util/ForceNoBulkScoringQuery#41&100
uk/co/flax/luwak/matchers/PartitionMatcher$MatcherWorker#131&100
