uk.co.flax.luwak.DocumentBatch$1
uk.co.flax.luwak.CandidateMatcher
uk.co.flax.luwak.QueryIndex$QueryBuilder
uk.co.flax.luwak.QueryIndex$1
uk.co.flax.luwak.Indexable
uk.co.flax.luwak.Monitor$1
uk.co.flax.luwak.MatcherFactory
uk.co.flax.luwak.QueryDecomposer
uk.co.flax.luwak.analysis.SuffixingNGramTokenFilter
uk.co.flax.luwak.analysis.BytesRefFilteredTokenFilter
uk.co.flax.luwak.analysis.TermsEnumTokenStream
uk.co.flax.luwak.QueryIndex$CachePopulator
uk.co.flax.luwak.QueryIndex$DataValues
uk.co.flax.luwak.Monitor$QueryCacheStats
uk.co.flax.luwak.Monitor$StandardQueryCollector
uk.co.flax.luwak.util.SpanOffsetReportingQuery$1
uk.co.flax.luwak.util.CollectionUtils
uk.co.flax.luwak.util.SpanOffsetReportingQuery
uk.co.flax.luwak.util.SpanRewriter
uk.co.flax.luwak.util.SpanExtractor
uk.co.flax.luwak.util.ForceNoBulkScoringQuery$1
uk.co.flax.luwak.util.ForceNoBulkScoringQuery
uk.co.flax.luwak.util.SpanOffsetReportingQuery$SpanOffsetWeight
uk.co.flax.luwak.util.RewriteException
uk.co.flax.luwak.QueryIndex$TermsHashBuilder
uk.co.flax.luwak.QueryTermFilter
uk.co.flax.luwak.QueryCacheEntry
uk.co.flax.luwak.QueryIndex$MonitorQueryCollector
uk.co.flax.luwak.ConcurrentQueryLoader$Worker
uk.co.flax.luwak.Monitor$PresearcherQueryCollector
uk.co.flax.luwak.QueryIndex$QueryCollector
uk.co.flax.luwak.InputDocument
uk.co.flax.luwak.MatchError
uk.co.flax.luwak.CandidateMatcher$MatchHolder
uk.co.flax.luwak.InputDocument$Builder
uk.co.flax.luwak.termextractor.weights.TermWeightor
uk.co.flax.luwak.termextractor.weights.TermFrequencyWeightNorm
uk.co.flax.luwak.termextractor.weights.FieldWeightNorm
uk.co.flax.luwak.termextractor.weights.TermTypeNorm
uk.co.flax.luwak.termextractor.weights.FieldSpecificTermWeightNorm
uk.co.flax.luwak.termextractor.weights.TermWeightNorm
uk.co.flax.luwak.termextractor.weights.TokenLengthNorm
uk.co.flax.luwak.termextractor.weights.WeightNorm
uk.co.flax.luwak.termextractor.treebuilder.TreeBuilders$7
uk.co.flax.luwak.termextractor.treebuilder.TreeBuilders$5
uk.co.flax.luwak.termextractor.treebuilder.TreeBuilders$1
uk.co.flax.luwak.termextractor.treebuilder.TreeBuilders$3
uk.co.flax.luwak.termextractor.treebuilder.TermInSetQueryTreeBuilder
uk.co.flax.luwak.termextractor.treebuilder.TreeBuilders$4
uk.co.flax.luwak.termextractor.treebuilder.TreeBuilders$6
