org/apache/uniffle/common/metrics/GRPCMetrics.incGauge
org/apache/uniffle/common/rpc/GrpcServer$GrpcThreadPoolExecutor.beforeExecute