100
uk/co/flax/luwak/matchers/PartitionMatcher$MatcherWorker#131
