org.platformlambda.core.websocket.server.WsRequestHandler$IdleCheck
org.platformlambda.core.websocket.server.MinimalistHttpHandler
org.platformlambda.core.websocket.server.WsEnvelope
org.platformlambda.core.websocket.server.WsServerTransmitter
org.platformlambda.core.websocket.server.WsRequestHandler$WsHousekeeper
org.platformlambda.core.websocket.server.WsRequestHandler
org.platformlambda.core.websocket.server.WsRequestHandler$1
org.platformlambda.core.websocket.common.MultipartPayload
org.platformlambda.core.websocket.client.PersistentWsClient
org.platformlambda.core.websocket.client.WsClientTransmitter
org.platformlambda.core.util.MultiLevelMap$NotFound
org.platformlambda.core.util.ConfigReader
org.platformlambda.core.util.ElasticQueue$Cleanup
org.platformlambda.core.util.Feature
org.platformlambda.core.util.SimpleCache
org.platformlambda.core.util.common.ConfigBase
org.platformlambda.core.util.ElasticQueue
org.platformlambda.core.util.SimpleClassScanner
org.platformlambda.core.util.AppConfigReader
org.platformlambda.core.util.MultiLevelMap$1
org.platformlambda.core.util.ManagedCache
org.platformlambda.core.util.MultiLevelMap
org.platformlambda.core.util.ElasticQueue$1
org.platformlambda.core.util.Utility
org.platformlambda.core.util.CryptoApi
org.platformlambda.core.models.EventBlocks
org.platformlambda.core.models.InboxBase
org.platformlambda.core.models.AsyncMultiInbox$1
org.platformlambda.core.models.EntryPoint
org.platformlambda.core.models.AsyncInbox$1
org.platformlambda.core.models.AsyncInbox
org.platformlambda.core.models.StreamInfo
org.platformlambda.core.models.CloudSetup
org.platformlambda.core.models.AsyncHttpRequest
org.platformlambda.core.models.TypedPayload
org.platformlambda.core.models.KotlinLambdaFunction
org.platformlambda.core.models.SimpleHttpCookie
org.platformlambda.core.models.VersionInfo
org.platformlambda.core.models.AsyncInbox$InboxHandler
org.platformlambda.core.models.TargetRoute
org.platformlambda.core.models.AsyncMultiInbox
org.platformlambda.core.models.TraceInfo
org.platformlambda.core.models.PubSubProvider
org.platformlambda.core.models.Kv
org.platformlambda.core.models.ProcessStatus
org.platformlambda.core.models.TypedLambdaFunction
org.platformlambda.core.models.StreamFunction
org.platformlambda.core.models.TimedItem
org.platformlambda.core.models.FutureEvent
org.platformlambda.core.models.LambdaFunction
