100
org/platformlambda/core/util/MultiLevelMap#343
