com.github.davidmoten.rx2.RetryWhen$3
com.github.davidmoten.rx2.Bytes$BosCollectorHolder$1
com.github.davidmoten.rx2.Callables$1
com.github.davidmoten.rx2.Statistics
com.github.davidmoten.rx2.Actions$1
com.github.davidmoten.rx2.SchedulerHelper
com.github.davidmoten.rx2.Strings$1
com.github.davidmoten.rx2.Consumers$2
com.github.davidmoten.rx2.IO$2
com.github.davidmoten.rx2.Consumers
com.github.davidmoten.rx2.BiPredicates$1
com.github.davidmoten.rx2.BiPredicates$3
com.github.davidmoten.rx2.Strings
com.github.davidmoten.rx2.Strings$7$2
com.github.davidmoten.rx2.Actions$3
com.github.davidmoten.rx2.Flowables$4
com.github.davidmoten.rx2.Strings$DisposeActionHolder
com.github.davidmoten.rx2.Predicates$FalseHolder
com.github.davidmoten.rx2.Strings$3
com.github.davidmoten.rx2.Bytes$2
com.github.davidmoten.rx2.RetryWhen$1
com.github.davidmoten.rx2.StateMachine$Completion2
com.github.davidmoten.rx2.RetryWhen
com.github.davidmoten.rx2.StateMachine2$1
com.github.davidmoten.rx2.Strings$7
com.github.davidmoten.rx2.RetryWhen$Builder
com.github.davidmoten.rx2.Bytes$6
com.github.davidmoten.rx2.RetryWhen$5
com.github.davidmoten.rx2.SchedulerHelper$1
com.github.davidmoten.rx2.Functions$3
com.github.davidmoten.rx2.Bytes$ZipHolder$1
com.github.davidmoten.rx2.StateMachine
com.github.davidmoten.rx2.Consumers$4
com.github.davidmoten.rx2.StateMachine2$Builder2
com.github.davidmoten.rx2.Consumers$6
com.github.davidmoten.rx2.StateMachine$Transition2
com.github.davidmoten.rx2.StateMachine$CompletionAlwaysTrueHolder
com.github.davidmoten.rx2.Strings$SplitLinesHolder
com.github.davidmoten.rx2.Functions$1
com.github.davidmoten.rx2.Flowables
com.github.davidmoten.rx2.util.Pair
com.github.davidmoten.rx2.util.ZippedEntry
com.github.davidmoten.rx2.Bytes$BosCollectorHolder
com.github.davidmoten.rx2.Strings$SplitLinesHolder$1
com.github.davidmoten.rx2.RetryWhen$Builder$ToLongHolder
com.github.davidmoten.rx2.Bytes$4
com.github.davidmoten.rx2.Strings$Utf8Holder
com.github.davidmoten.rx2.Strings$5
com.github.davidmoten.rx2.Consumers$DoNothingHolder$1
com.github.davidmoten.rx2.Flowables$2
com.github.davidmoten.rx2.Consumers$1
com.github.davidmoten.rx2.Strings$7$3
com.github.davidmoten.rx2.BiPredicates$2
com.github.davidmoten.rx2.StateMachine2
com.github.davidmoten.rx2.IO$1
com.github.davidmoten.rx2.Callables$2
com.github.davidmoten.rx2.Bytes$3
com.github.davidmoten.rx2.Strings$2
com.github.davidmoten.rx2.Actions$2
com.github.davidmoten.rx2.Flowables$1$1
com.github.davidmoten.rx2.RetryWhen$2
com.github.davidmoten.rx2.Bytes$1
com.github.davidmoten.rx2.Functions
com.github.davidmoten.rx2.RetryWhen$ErrorAndDuration
com.github.davidmoten.rx2.Bytes$BosToArrayHolder$1
com.github.davidmoten.rx2.Consumers$3
com.github.davidmoten.rx2.Strings$7$1
com.github.davidmoten.rx2.internal.flowable.FlowableInsertTimeout$TimeoutAction
com.github.davidmoten.rx2.internal.flowable.FlowableRepeatingTransform$1
com.github.davidmoten.rx2.internal.flowable.FlowableServerSocket
com.github.davidmoten.rx2.internal.flowable.FlowableRepeatingTransform$DestinationSerializedSubject
com.github.davidmoten.rx2.internal.flowable.FlowableRepeatingTransform$ChainedReplaySubject
com.github.davidmoten.rx2.internal.flowable.FlowableStringInputStream$StringInputStream
com.github.davidmoten.rx2.internal.flowable.FlowableWindowMinMax$WindowMinMaxSubscriber
com.github.davidmoten.rx2.internal.flowable.FlowableWindowMinMax$Metric
com.github.davidmoten.rx2.internal.flowable.FlowableCollectWhile
com.github.davidmoten.rx2.internal.flowable.FlowableFetchPagesByRequest$1$1
com.github.davidmoten.rx2.internal.flowable.FlowableMergeInterleave$BatchFinished
com.github.davidmoten.rx2.internal.flowable.FlowableRepeatingTransform$EventType
com.github.davidmoten.rx2.internal.flowable.TransformerStringSplit$1
com.github.davidmoten.rx2.internal.flowable.FlowableInsertMaybe$InsertSubscriber
com.github.davidmoten.rx2.internal.flowable.FlowableReverse$2$1
com.github.davidmoten.rx2.internal.flowable.FlowableMaxRequest
com.github.davidmoten.rx2.internal.flowable.FlowableMinRequest
com.github.davidmoten.rx2.internal.flowable.FlowableMapLast
com.github.davidmoten.rx2.internal.flowable.FlowableDoOnEmpty$DoOnEmptySubscriber
com.github.davidmoten.rx2.internal.flowable.FlowableStringInputStream
com.github.davidmoten.rx2.internal.flowable.TransformerDecode$2
com.github.davidmoten.rx2.internal.flowable.FlowableStateMachine
com.github.davidmoten.rx2.internal.flowable.FlowableMatch
com.github.davidmoten.rx2.internal.flowable.FlowableStateMachine$StateMachineSubscriber
com.github.davidmoten.rx2.internal.flowable.FlowableMergeInterleave$SourceComplete
com.github.davidmoten.rx2.internal.flowable.FlowableRepeat$RepeatSubscription
com.github.davidmoten.rx2.internal.flowable.FlowableMergeInterleave$MergeInterleaveSubscription
com.github.davidmoten.rx2.internal.flowable.FlowableMergeInterleave$SourceSubscriber
com.github.davidmoten.rx2.internal.flowable.DelimitedStringLinkedList
com.github.davidmoten.rx2.internal.flowable.FlowableReverse$2
com.github.davidmoten.rx2.internal.flowable.FlowableRepeatingTransform
com.github.davidmoten.rx2.internal.flowable.FlowableRepeat
com.github.davidmoten.rx2.internal.flowable.TransformerStringSplit$2
com.github.davidmoten.rx2.internal.flowable.FlowableMatch$MatchCoordinator
com.github.davidmoten.rx2.internal.flowable.TransformerStateMachine$Mutable
com.github.davidmoten.rx2.internal.flowable.FlowableFetchPagesByRequest
com.github.davidmoten.rx2.internal.flowable.FlowableInsertMaybe$ValueToInsertObserver
com.github.davidmoten.rx2.internal.flowable.FlowableMinRequest$MinRequestSubscriber
com.github.davidmoten.rx2.internal.flowable.FlowableMergeInterleave
com.github.davidmoten.rx2.internal.flowable.FlowableRepeatingTransform$ChainedReplaySubject$Requests
com.github.davidmoten.rx2.internal.flowable.TransformerDecode$1
com.github.davidmoten.rx2.internal.flowable.TransformerDecode$3
com.github.davidmoten.rx2.internal.flowable.FlowableReverse$1
com.github.davidmoten.rx2.internal.flowable.FlowableFetchPagesByRequest$Count
com.github.davidmoten.rx2.internal.flowable.FlowableWindowMinMax
com.github.davidmoten.rx2.internal.flowable.FlowableFetchPagesByRequest$1
com.github.davidmoten.rx2.internal.flowable.FlowableReverse
com.github.davidmoten.rx2.internal.flowable.FlowableMapLast$MapLastSubscriber
com.github.davidmoten.rx2.internal.flowable.FlowableRepeatingTransform$Event
com.github.davidmoten.rx2.internal.flowable.FlowableRepeatingTransform$MultiSubscription
com.github.davidmoten.rx2.internal.flowable.FlowableServerSocket$3
com.github.davidmoten.rx2.internal.flowable.FlowableStringSplitSimple$StringSplitSubscriber
com.github.davidmoten.rx2.internal.flowable.FlowableRepeatingTransform$TesterObserver
com.github.davidmoten.rx2.internal.flowable.FlowableMatch$Receiver
com.github.davidmoten.rx2.internal.flowable.TransformerStateMachine$NotificationEmitter
com.github.davidmoten.rx2.internal.flowable.FlowableMatch$MatchCoordinator$Status
com.github.davidmoten.rx2.internal.flowable.FlowableServerSocket$1
com.github.davidmoten.rx2.internal.flowable.FlowableMatch$Source
com.github.davidmoten.rx2.internal.flowable.FlowableServerSocket$5
com.github.davidmoten.rx2.internal.flowable.TransformerStringSplit
com.github.davidmoten.rx2.internal.flowable.FlowableStringSplitSimple
com.github.davidmoten.rx2.internal.flowable.FlowableInsertMaybe
com.github.davidmoten.rx2.internal.flowable.FlowableRepeatingTransform$Tester
com.github.davidmoten.rx2.internal.flowable.FlowableMatch$MatchCoordinator$Emitted
com.github.davidmoten.rx2.internal.flowable.TransformerStateMachine$2
com.github.davidmoten.rx2.internal.flowable.TransformerDecode$Result
com.github.davidmoten.rx2.internal.flowable.FlowableInsertTimeout$InsertTimeoutSubscriber
com.github.davidmoten.rx2.internal.flowable.FlowableDoOnEmpty
com.github.davidmoten.rx2.internal.flowable.FlowableRepeatingTransform$Chain
com.github.davidmoten.rx2.internal.flowable.FlowableServerSocket$2
com.github.davidmoten.rx2.internal.flowable.buffertofile.FlowableOnBackpressureBufferToFile$BufferToFileSubscriber
com.github.davidmoten.rx2.internal.flowable.buffertofile.Pages
com.github.davidmoten.rx2.internal.flowable.buffertofile.PagedQueue
com.github.davidmoten.rx2.internal.flowable.buffertofile.UnsafeAccess
com.github.davidmoten.rx2.internal.flowable.buffertofile.MemoryMappedFile
com.github.davidmoten.rx2.internal.flowable.buffertofile.SerializerJavaIO
com.github.davidmoten.rx2.internal.flowable.buffertofile.PagedQueue$MessageType
com.github.davidmoten.rx2.internal.flowable.buffertofile.SerializerBytes
com.github.davidmoten.rx2.internal.flowable.buffertofile.FlowableOnBackpressureBufferToFile$BufferToFileSubscriberFlowable
com.github.davidmoten.rx2.internal.flowable.buffertofile.FlowableOnBackpressureBufferToFile
com.github.davidmoten.rx2.internal.flowable.buffertofile.Page
com.github.davidmoten.rx2.internal.flowable.buffertofile.FlowableOnBackpressureBufferToFile$BufferToFileSubscriberObservable
com.github.davidmoten.rx2.internal.flowable.DelimitedStringLinkedList$Node
com.github.davidmoten.rx2.internal.flowable.TransformerDecode
com.github.davidmoten.rx2.internal.flowable.FlowableCollectWhile$CollectWhileSubscriber
com.github.davidmoten.rx2.internal.flowable.FlowableMaxRequest$MaxRequestSubscriber
com.github.davidmoten.rx2.internal.flowable.TransformerStateMachine$2$1
com.github.davidmoten.rx2.internal.flowable.TransformerStateMachine$3
com.github.davidmoten.rx2.internal.flowable.FlowableMatch$MyError
com.github.davidmoten.rx2.internal.flowable.TransformerStateMachine$UnsubscribedNotificationHolder
com.github.davidmoten.rx2.internal.flowable.FlowableServerSocket$6
com.github.davidmoten.rx2.internal.flowable.FlowableInsertTimeout
com.github.davidmoten.rx2.internal.flowable.OnSubscribeCacheResettable
com.github.davidmoten.rx2.internal.flowable.FlowableMergeInterleave$SourceArrived
com.github.davidmoten.rx2.internal.flowable.FlowableServerSocket$4
com.github.davidmoten.rx2.internal.flowable.TransformerStateMachine
com.github.davidmoten.rx2.internal.flowable.FlowableMatch$ItemA
com.github.davidmoten.rx2.internal.flowable.FlowableMatch$MySubscriber
com.github.davidmoten.rx2.internal.flowable.TransformerStateMachine$1
com.github.davidmoten.rx2.internal.observable.OnSubscribeCacheResetable
com.github.davidmoten.rx2.internal.SchedulerWithId$1$1
com.github.davidmoten.rx2.internal.SchedulerWithId
com.github.davidmoten.rx2.internal.SchedulerWithId$1
com.github.davidmoten.rx2.Bytes$ZipHolder$2
com.github.davidmoten.rx2.IO$ServerSocketBuilder
com.github.davidmoten.rx2.Consumers$PrintlnHolder$1
com.github.davidmoten.rx2.Consumers$7
com.github.davidmoten.rx2.Flowables$3
com.github.davidmoten.rx2.Consumers$CloseHolder$1
com.github.davidmoten.rx2.StateMachine$Emitter
com.github.davidmoten.rx2.Strings$4
com.github.davidmoten.rx2.Consumers$10
com.github.davidmoten.rx2.Bytes$5
com.github.davidmoten.rx2.RetryWhen$Builder$ToLongHolder$1
com.github.davidmoten.rx2.StateMachine2$Builder
com.github.davidmoten.rx2.RetryWhen$4
com.github.davidmoten.rx2.BiFunctions$ThrowingHolder$1
com.github.davidmoten.rx2.Bytes$InputStreamCloseHolder$1
com.github.davidmoten.rx2.Flowables$1
com.github.davidmoten.rx2.Strings$6
com.github.davidmoten.rx2.StateMachine2$Builder3
com.github.davidmoten.rx2.Predicates$TrueHolder
com.github.davidmoten.rx2.exceptions.AssertionException
com.github.davidmoten.rx2.exceptions.ThrowingException
com.github.davidmoten.rx2.Consumers$5
com.github.davidmoten.rx2.Strings$SplitLinesHolder$2
com.github.davidmoten.rx2.Functions$2
com.github.davidmoten.rx2.Bytes$BosToArrayHolder
com.github.davidmoten.rx2.IO
com.github.davidmoten.rx2.Strings$12
com.github.davidmoten.rx2.Functions$IdentityHolder
com.github.davidmoten.rx2.Consumers$9
com.github.davidmoten.rx2.Observables$4
com.github.davidmoten.rx2.Predicates$FalseHolder$1
com.github.davidmoten.rx2.StateMachine$Builder2
com.github.davidmoten.rx2.BiFunctions$2
com.github.davidmoten.rx2.Strings$8
com.github.davidmoten.rx2.RetryWhen$Builder$1
com.github.davidmoten.rx2.BiFunctions
com.github.davidmoten.rx2.Strings$10
com.github.davidmoten.rx2.Observables
com.github.davidmoten.rx2.Observables$2
com.github.davidmoten.rx2.Observables$1$1
com.github.davidmoten.rx2.StateMachine$Transition
com.github.davidmoten.rx2.Actions$DoNothingHolder$1
com.github.davidmoten.rx2.Bytes$InputStreamCloseHolder
com.github.davidmoten.rx2.Maybes
com.github.davidmoten.rx2.flowable.Transformers$14
com.github.davidmoten.rx2.flowable.Transformers$MyOptional$1
com.github.davidmoten.rx2.flowable.Transformers$CollectStatsHolder
com.github.davidmoten.rx2.flowable.Transformers$9
com.github.davidmoten.rx2.flowable.Transformers$16
com.github.davidmoten.rx2.flowable.Serialized$KryoBuilder$2$1
com.github.davidmoten.rx2.flowable.Transformers$MyOptional$3
com.github.davidmoten.rx2.flowable.Transformers$12
com.github.davidmoten.rx2.flowable.Burst$Builder
com.github.davidmoten.rx2.flowable.Transformers$ReverseHolder$1
com.github.davidmoten.rx2.flowable.Serialized$KryoBuilder
com.github.davidmoten.rx2.flowable.Transformers$10
com.github.davidmoten.rx2.flowable.Transformers$MyOptional$2
com.github.davidmoten.rx2.flowable.Transformers$17
com.github.davidmoten.rx2.flowable.Transformers$8
com.github.davidmoten.rx2.flowable.Serialized
com.github.davidmoten.rx2.flowable.Transformers$15
com.github.davidmoten.rx2.flowable.Burst
com.github.davidmoten.rx2.flowable.Transformers$ListFactoryHolder
com.github.davidmoten.rx2.flowable.Transformers$11
com.github.davidmoten.rx2.flowable.Serialized$ObjectInputStreamFlowableFactoryHolder
com.github.davidmoten.rx2.flowable.Transformers$13
com.github.davidmoten.rx2.flowable.Serialized$KryoBuilder$3
com.github.davidmoten.rx2.flowable.CachedFlowable
com.github.davidmoten.rx2.flowable.Transformers$4$1
com.github.davidmoten.rx2.flowable.Transformers$2
com.github.davidmoten.rx2.flowable.Serialized$KryoBuilder$1
com.github.davidmoten.rx2.flowable.Transformers$NaturalComparatorHolder$1
com.github.davidmoten.rx2.flowable.Serialized$2
com.github.davidmoten.rx2.flowable.Serialized$KryoBuilder$5
com.github.davidmoten.rx2.flowable.Transformers$ListFactoryHolder$2
com.github.davidmoten.rx2.flowable.Transformers$19
com.github.davidmoten.rx2.flowable.Transformers$6
com.github.davidmoten.rx2.flowable.Transformers$4
com.github.davidmoten.rx2.flowable.Transformers$12$1$1
com.github.davidmoten.rx2.flowable.Serialized$4
com.github.davidmoten.rx2.flowable.Transformers$3
com.github.davidmoten.rx2.flowable.Transformers$NaturalComparatorHolder
com.github.davidmoten.rx2.flowable.Serialized$3
com.github.davidmoten.rx2.flowable.Burst$1
com.github.davidmoten.rx2.flowable.Transformers
com.github.davidmoten.rx2.flowable.Transformers$ReverseHolder
com.github.davidmoten.rx2.flowable.Transformers$12$1
com.github.davidmoten.rx2.flowable.Serialized$1
com.github.davidmoten.rx2.flowable.Serialized$KryoBuilder$2
com.github.davidmoten.rx2.flowable.Transformers$1
com.github.davidmoten.rx2.flowable.CloseableFlowableWithReset
com.github.davidmoten.rx2.flowable.Transformers$ListFactoryHolder$1
com.github.davidmoten.rx2.flowable.Transformers$MyOptional
com.github.davidmoten.rx2.flowable.Transformers$5
com.github.davidmoten.rx2.flowable.Serialized$ObjectInputStreamFlowableFactoryHolder$1
com.github.davidmoten.rx2.flowable.Serialized$5
com.github.davidmoten.rx2.flowable.Serialized$KryoBuilder$4
com.github.davidmoten.rx2.flowable.Transformers$CollectStatsHolder$1
com.github.davidmoten.rx2.flowable.Transformers$7
com.github.davidmoten.rx2.flowable.Transformers$18
com.github.davidmoten.rx2.StateMachine$Completion
com.github.davidmoten.rx2.BiFunctions$ThrowingHolder
com.github.davidmoten.rx2.functions.Consumer3
com.github.davidmoten.rx2.Predicates
com.github.davidmoten.rx2.Strings$9
com.github.davidmoten.rx2.BiFunctions$3
com.github.davidmoten.rx2.observable.CloseableObservableWithReset
com.github.davidmoten.rx2.observable.CachedObservable
com.github.davidmoten.rx2.observable.Transformers
com.github.davidmoten.rx2.Bytes$BosCreatorHolder$1
com.github.davidmoten.rx2.Actions$DoNothingHolder
com.github.davidmoten.rx2.StateMachine$Builder3
com.github.davidmoten.rx2.Strings$11
com.github.davidmoten.rx2.Bytes$BosCreatorHolder
com.github.davidmoten.rx2.StateMachine$1
com.github.davidmoten.rx2.buffertofile.Options
com.github.davidmoten.rx2.buffertofile.Options$FileFactoryHolder$1
com.github.davidmoten.rx2.buffertofile.SerializerString
com.github.davidmoten.rx2.buffertofile.Options$BuilderObservable$1
com.github.davidmoten.rx2.buffertofile.Options$BuilderFlowable
com.github.davidmoten.rx2.buffertofile.Options$FileFactoryHolder
com.github.davidmoten.rx2.buffertofile.DataSerializer
com.github.davidmoten.rx2.buffertofile.Serializers$WrappedDataSerializer
com.github.davidmoten.rx2.buffertofile.Serializer
com.github.davidmoten.rx2.buffertofile.Options$BuilderFlowable$1
com.github.davidmoten.rx2.buffertofile.Serializers
com.github.davidmoten.rx2.buffertofile.Options$BuilderObservable
com.github.davidmoten.rx2.Consumers$8
com.github.davidmoten.rx2.Consumers$DoNothingHolder
com.github.davidmoten.rx2.RetryWhen$Builder$2
com.github.davidmoten.rx2.StateMachine2$Builder3$1
com.github.davidmoten.rx2.BiFunctions$1
com.github.davidmoten.rx2.Strings$DisposeActionHolder$1
com.github.davidmoten.rx2.Observables$1
com.github.davidmoten.rx2.Functions$IdentityHolder$1
com.github.davidmoten.rx2.Actions
com.github.davidmoten.rx2.BiPredicates
com.github.davidmoten.rx2.StateMachine$Builder
com.github.davidmoten.rx2.Predicates$TrueHolder$1
com.github.davidmoten.rx2.Flowables$MergeInterleaveBuilder
com.github.davidmoten.rx2.Bytes$ZipHolder
com.github.davidmoten.rx2.Callables
com.github.davidmoten.rx2.Bytes
com.github.davidmoten.rx2.StateMachine$Errored
com.github.davidmoten.rx2.StateMachine$CompletionAlwaysTrueHolder$1
com.github.davidmoten.rx2.Observables$3
com.github.davidmoten.rx2.Consumers$PrintlnHolder
com.github.davidmoten.rx2.Consumers$CloseHolder
com.github.davidmoten.util.RingBuffer
com.github.davidmoten.util.RingBuffer$1
