100
com/github/davidmoten/rx2/internal/flowable/FlowableInsertTimeout$InsertTimeoutSubscriber#194
