tachyon/thrift/MasterService$Processor$user_completeFile.getEmptyArgsInstance()Ltachyon/thrift/MasterService$user_completeFile_args;
tachyon/thrift/MasterService$user_getClientFileInfoById_result$_Fields.values()[Ltachyon/thrift/MasterService$user_getClientFileInfoById_result$_Fields;
tachyon/thrift/MasterService$worker_cacheBlock_result.read(Lorg/apache/thrift/protocol/TProtocol;)V
tachyon/thrift/MasterService$user_getWorker_result$_Fields.getFieldName()Ljava/lang/String;
tachyon/thrift/MasterService$Processor$worker_cacheBlock.getEmptyArgsInstance()Ltachyon/thrift/MasterService$worker_cacheBlock_args;
tachyon/thrift/MasterService$user_getBlockId_args.write(Lorg/apache/thrift/protocol/TProtocol;)V
tachyon/thrift/MasterService$user_getFileBlocksById_args.setFileIdIsSet(Z)V
tachyon/thrift/MasterService$user_getUserId_result.isSetSuccess()Z
tachyon/thrift/MasterService$user_getWorker_args.validate()V
tachyon/thrift/MasterService$user_getWorker_args.setRandomIsSet(Z)V
tachyon/thrift/MasterService$user_getBlockId_result$_Fields.getFieldName()Ljava/lang/String;
tachyon/thrift/MasterService$Processor.getProcessMap(Ljava/util/Map;)Ljava/util/Map;
tachyon/thrift/MasterService$worker_cacheBlock_args.setWorkerIdIsSet(Z)V
tachyon/thrift/MasterService$Processor$worker_getPriorityDependencyList.getEmptyArgsInstance()Ltachyon/thrift/MasterService$worker_getPriorityDependencyList_args;
tachyon/thrift/MasterService$user_getFileBlocksById_args$_Fields.getFieldName()Ljava/lang/String;
tachyon/thrift/MasterService$user_getWorker_args$_Fields.values()[Ltachyon/thrift/MasterService$user_getWorker_args$_Fields;
tachyon/thrift/MasterService$user_getUserId_result.validate()V
tachyon/thrift/MasterService$user_getBlockId_result.read(Lorg/apache/thrift/protocol/TProtocol;)V
tachyon/thrift/MasterService$user_createFile_args$_Fields.$values()[Ltachyon/thrift/MasterService$user_createFile_args$_Fields;
tachyon/thrift/MasterService$Client.send_user_getFileBlocksById(I)V
tachyon/thrift/MasterService$Processor$user_getBlockId.getEmptyArgsInstance()Lorg/apache/thrift/TBase;
tachyon/thrift/MasterService$worker_register_result$_Fields.$values()[Ltachyon/thrift/MasterService$worker_register_result$_Fields;
tachyon/thrift/MasterService$user_getFileBlocksById_result.validate()V
tachyon/thrift/MasterService$user_getBlockId_args.setFileIdIsSet(Z)V
tachyon/thrift/MasterService$user_getUserId_result.write(Lorg/apache/thrift/protocol/TProtocol;)V
tachyon/thrift/MasterService$worker_cacheBlock_result$_Fields.getFieldName()Ljava/lang/String;
tachyon/thrift/MasterService$Client.recv_user_getFileBlocksById()Ljava/util/List;
tachyon/thrift/MasterService$user_getClientFileInfoById_result$_Fields.$values()[Ltachyon/thrift/MasterService$user_getClientFileInfoById_result$_Fields;
tachyon/thrift/MasterService$Processor$user_getClientFileInfoById.getResult(Ltachyon/thrift/MasterService$Iface;Ltachyon/thrift/MasterService$user_getClientFileInfoById_args;)Ltachyon/thrift/MasterService$user_getClientFileInfoById_result;
tachyon/thrift/MasterService$Processor$user_getClientFileInfoById.getResult(Ljava/lang/Object;Lorg/apache/thrift/TBase;)Lorg/apache/thrift/TBase;
tachyon/thrift/MasterService$worker_cacheBlock_result.write(Lorg/apache/thrift/protocol/TProtocol;)V
tachyon/thrift/MasterService$worker_register_args.validate()V
tachyon/thrift/MasterService$worker_getPriorityDependencyList_result.validate()V
tachyon/thrift/MasterService$Processor$user_completeFile.getResult(Ljava/lang/Object;Lorg/apache/thrift/TBase;)Lorg/apache/thrift/TBase;
tachyon/thrift/MasterService$Client.recv_worker_register()J
tachyon/thrift/MasterService$user_createFile_args$_Fields.getFieldName()Ljava/lang/String;
tachyon/thrift/MasterService$user_getFileBlocksById_result.write(Lorg/apache/thrift/protocol/TProtocol;)V
tachyon/thrift/MasterService$user_getClientFileInfoById_args.setFileIdIsSet(Z)V
tachyon/thrift/MasterService$user_getWorker_args.setHost(Ljava/lang/String;)Ltachyon/thrift/MasterService$user_getWorker_args;
tachyon/thrift/MasterService$user_getFileBlocksById_args.write(Lorg/apache/thrift/protocol/TProtocol;)V
tachyon/thrift/MasterService$user_getBlockId_args.setIndexIsSet(Z)V
tachyon/thrift/MasterService$user_completeFile_args.write(Lorg/apache/thrift/protocol/TProtocol;)V
tachyon/thrift/MasterService$Processor$user_completeFile.getEmptyArgsInstance()Lorg/apache/thrift/TBase;
tachyon/thrift/MasterService$Processor$worker_getPriorityDependencyList.getResult(Ljava/lang/Object;Lorg/apache/thrift/TBase;)Lorg/apache/thrift/TBase;
tachyon/thrift/MasterService$worker_cacheBlock_result$_Fields.values()[Ltachyon/thrift/MasterService$worker_cacheBlock_result$_Fields;
tachyon/thrift/MasterService$user_getWorker_result.read(Lorg/apache/thrift/protocol/TProtocol;)V
tachyon/thrift/MasterService$user_createFile_args.write(Lorg/apache/thrift/protocol/TProtocol;)V
tachyon/thrift/MasterService$Processor$worker_getPriorityDependencyList.getEmptyArgsInstance()Lorg/apache/thrift/TBase;
tachyon/thrift/MasterService$user_getUserId_args.write(Lorg/apache/thrift/protocol/TProtocol;)V
tachyon/thrift/MasterService$Client.recv_user_getClientFileInfoById()Ltachyon/thrift/ClientFileInfo;
tachyon/thrift/MasterService$Processor$user_getBlockId.getEmptyArgsInstance()Ltachyon/thrift/MasterService$user_getBlockId_args;
tachyon/thrift/MasterService$user_getBlockId_result$_Fields.$values()[Ltachyon/thrift/MasterService$user_getBlockId_result$_Fields;
tachyon/thrift/MasterService$worker_cacheBlock_args.read(Lorg/apache/thrift/protocol/TProtocol;)V
tachyon/thrift/MasterService$Processor$user_getWorker.getResult(Ljava/lang/Object;Lorg/apache/thrift/TBase;)Lorg/apache/thrift/TBase;
tachyon/thrift/MasterService$worker_cacheBlock_args.setLengthIsSet(Z)V
tachyon/thrift/MasterService$user_completeFile_args.read(Lorg/apache/thrift/protocol/TProtocol;)V
tachyon/thrift/MasterService$user_getBlockId_args$_Fields.getFieldName()Ljava/lang/String;
tachyon/thrift/MasterService$worker_cacheBlock_result.isSetEB()Z
tachyon/thrift/MasterService$worker_register_args.setCurrentBlocks(Ljava/util/List;)Ltachyon/thrift/MasterService$worker_register_args;
tachyon/thrift/MasterService$user_createFile_result.setSuccessIsSet(Z)V
tachyon/thrift/MasterService$Client.worker_getPriorityDependencyList()Ljava/util/List;
tachyon/thrift/MasterService$worker_getPriorityDependencyList_args$_Fields.$values()[Ltachyon/thrift/MasterService$worker_getPriorityDependencyList_args$_Fields;
tachyon/thrift/MasterService$Processor$worker_cacheBlock.getEmptyArgsInstance()Lorg/apache/thrift/TBase;
tachyon/thrift/MasterService$Processor$user_getUserId.getEmptyArgsInstance()Lorg/apache/thrift/TBase;
tachyon/thrift/MasterService$Client.send_user_getWorker(ZLjava/lang/String;)V
tachyon/thrift/MasterService$worker_cacheBlock_result.validate()V
tachyon/thrift/MasterService$Client.recv_user_getBlockId()J
tachyon/thrift/MasterService$user_getBlockId_result.write(Lorg/apache/thrift/protocol/TProtocol;)V
tachyon/thrift/MasterService$user_getWorker_args.setRandom(Z)Ltachyon/thrift/MasterService$user_getWorker_args;
tachyon/thrift/MasterService$worker_cacheBlock_args.validate()V
tachyon/thrift/MasterService$user_completeFile_result.read(Lorg/apache/thrift/protocol/TProtocol;)V
tachyon/thrift/MasterService$worker_register_result$_Fields.getFieldName()Ljava/lang/String;
tachyon/thrift/MasterService$user_getClientFileInfoById_result.validate()V
tachyon/thrift/MasterService$Client.recv_worker_getPriorityDependencyList()Ljava/util/List;
tachyon/thrift/MasterService$Client.user_getWorker(ZLjava/lang/String;)Ltachyon/thrift/NetAddress;
tachyon/thrift/MasterService$user_getUserId_result.setSuccessIsSet(Z)V
tachyon/thrift/MasterService$user_completeFile_args.validate()V
tachyon/thrift/MasterService$user_getBlockId_result.isSetSuccess()Z
tachyon/thrift/MasterService$Processor$user_getBlockId.getResult(Ltachyon/thrift/MasterService$Iface;Ltachyon/thrift/MasterService$user_getBlockId_args;)Ltachyon/thrift/MasterService$user_getBlockId_result;
tachyon/thrift/MasterService$Client.user_createFile(Ljava/lang/String;J)I
tachyon/thrift/MasterService$Processor$user_completeFile.getResult(Ltachyon/thrift/MasterService$Iface;Ltachyon/thrift/MasterService$user_completeFile_args;)Ltachyon/thrift/MasterService$user_completeFile_result;
tachyon/thrift/MasterService$user_getBlockId_args$_Fields.values()[Ltachyon/thrift/MasterService$user_getBlockId_args$_Fields;
tachyon/thrift/MasterService$user_getUserId_args$_Fields.$values()[Ltachyon/thrift/MasterService$user_getUserId_args$_Fields;
tachyon/thrift/MasterService$worker_cacheBlock_args.setBlockIdIsSet(Z)V
tachyon/thrift/MasterService$worker_getPriorityDependencyList_args.write(Lorg/apache/thrift/protocol/TProtocol;)V
tachyon/thrift/MasterService$worker_getPriorityDependencyList_result$_Fields.values()[Ltachyon/thrift/MasterService$worker_getPriorityDependencyList_result$_Fields;
tachyon/thrift/MasterService$user_getWorker_result.isSetSuccess()Z
tachyon/thrift/MasterService$user_getClientFileInfoById_args.setFileId(I)Ltachyon/thrift/MasterService$user_getClientFileInfoById_args;
tachyon/thrift/MasterService$user_getClientFileInfoById_result.read(Lorg/apache/thrift/protocol/TProtocol;)V
tachyon/thrift/MasterService$worker_register_args.setUsedBytesIsSet(Z)V
tachyon/thrift/MasterService$user_getUserId_result$_Fields.values()[Ltachyon/thrift/MasterService$user_getUserId_result$_Fields;
tachyon/thrift/MasterService$worker_getPriorityDependencyList_args.validate()V
tachyon/thrift/MasterService$Processor$user_createFile.getResult(Ljava/lang/Object;Lorg/apache/thrift/TBase;)Lorg/apache/thrift/TBase;
tachyon/thrift/MasterService$Processor$worker_register.getEmptyArgsInstance()Ltachyon/thrift/MasterService$worker_register_args;
tachyon/thrift/MasterService$user_getFileBlocksById_result.isSetSuccess()Z
tachyon/thrift/MasterService$user_getWorker_result.write(Lorg/apache/thrift/protocol/TProtocol;)V
tachyon/thrift/MasterService$Processor$user_getUserId.getEmptyArgsInstance()Ltachyon/thrift/MasterService$user_getUserId_args;
tachyon/thrift/MasterService$Client.user_getClientFileInfoById(I)Ltachyon/thrift/ClientFileInfo;
tachyon/thrift/MasterService$user_getUserId_args.read(Lorg/apache/thrift/protocol/TProtocol;)V
tachyon/thrift/MasterService$worker_cacheBlock_args.setLength(J)Ltachyon/thrift/MasterService$worker_cacheBlock_args;
tachyon/thrift/MasterService$Processor$worker_cacheBlock.getResult(Ljava/lang/Object;Lorg/apache/thrift/TBase;)Lorg/apache/thrift/TBase;
tachyon/thrift/MasterService$user_getBlockId_args.setIndex(I)Ltachyon/thrift/MasterService$user_getBlockId_args;
tachyon/thrift/MasterService$user_getBlockId_result.validate()V
tachyon/thrift/MasterService$worker_cacheBlock_args.setBlockId(J)Ltachyon/thrift/MasterService$worker_cacheBlock_args;
tachyon/thrift/MasterService$user_createFile_args.setBlockSizeByte(J)Ltachyon/thrift/MasterService$user_createFile_args;
tachyon/thrift/MasterService$user_getBlockId_result.setSuccessIsSet(Z)V
tachyon/thrift/MasterService$Processor$user_createFile.getEmptyArgsInstance()Ltachyon/thrift/MasterService$user_createFile_args;
tachyon/thrift/MasterService$user_completeFile_result.validate()V
tachyon/thrift/MasterService$worker_register_args.setWorkerNetAddress(Ltachyon/thrift/NetAddress;)Ltachyon/thrift/MasterService$worker_register_args;
tachyon/thrift/MasterService$worker_cacheBlock_args$_Fields.$values()[Ltachyon/thrift/MasterService$worker_cacheBlock_args$_Fields;
tachyon/thrift/MasterService$user_completeFile_args$_Fields.values()[Ltachyon/thrift/MasterService$user_completeFile_args$_Fields;
tachyon/thrift/MasterService$worker_cacheBlock_args.setWorkerId(J)Ltachyon/thrift/MasterService$worker_cacheBlock_args;
tachyon/thrift/MasterService$user_getFileBlocksById_result$_Fields.$values()[Ltachyon/thrift/MasterService$user_getFileBlocksById_result$_Fields;
tachyon/thrift/MasterService$user_getUserId_result$_Fields.getFieldName()Ljava/lang/String;
tachyon/thrift/MasterService$user_getFileBlocksById_args.setFileId(I)Ltachyon/thrift/MasterService$user_getFileBlocksById_args;
tachyon/thrift/MasterService$user_getClientFileInfoById_args.validate()V
tachyon/thrift/MasterService$Processor$user_getWorker.getEmptyArgsInstance()Lorg/apache/thrift/TBase;
tachyon/thrift/MasterService$worker_register_args.setTotalBytes(J)Ltachyon/thrift/MasterService$worker_register_args;
tachyon/thrift/MasterService$Client.send_worker_getPriorityDependencyList()V
tachyon/thrift/MasterService$Client.user_completeFile(I)V
tachyon/thrift/MasterService$worker_cacheBlock_result$_Fields.$values()[Ltachyon/thrift/MasterService$worker_cacheBlock_result$_Fields;
tachyon/thrift/MasterService$user_createFile_args.setBlockSizeByteIsSet(Z)V
tachyon/thrift/MasterService$user_getUserId_result.read(Lorg/apache/thrift/protocol/TProtocol;)V
tachyon/thrift/MasterService$Processor$worker_register.getEmptyArgsInstance()Lorg/apache/thrift/TBase;
tachyon/thrift/MasterService$worker_register_args.setUsedBytes(J)Ltachyon/thrift/MasterService$worker_register_args;
tachyon/thrift/MasterService$Processor$worker_getPriorityDependencyList.getResult(Ltachyon/thrift/MasterService$Iface;Ltachyon/thrift/MasterService$worker_getPriorityDependencyList_args;)Ltachyon/thrift/MasterService$worker_getPriorityDependencyList_result;
tachyon/thrift/MasterService$user_getClientFileInfoById_result.write(Lorg/apache/thrift/protocol/TProtocol;)V
tachyon/thrift/MasterService$worker_cacheBlock_args.setWorkerUsedBytesIsSet(Z)V
tachyon/thrift/MasterService$user_getClientFileInfoById_args$_Fields.values()[Ltachyon/thrift/MasterService$user_getClientFileInfoById_args$_Fields;
tachyon/thrift/MasterService$Processor$worker_cacheBlock.getResult(Ltachyon/thrift/MasterService$Iface;Ltachyon/thrift/MasterService$worker_cacheBlock_args;)Ltachyon/thrift/MasterService$worker_cacheBlock_result;
tachyon/thrift/MasterService$Client.send_worker_cacheBlock(JJJJ)V
tachyon/thrift/MasterService$worker_register_result.write(Lorg/apache/thrift/protocol/TProtocol;)V
tachyon/thrift/MasterService$user_getFileBlocksById_result$_Fields.values()[Ltachyon/thrift/MasterService$user_getFileBlocksById_result$_Fields;
tachyon/thrift/MasterService$Client.user_getUserId()J
tachyon/thrift/MasterService$user_completeFile_result$_Fields.values()[Ltachyon/thrift/MasterService$user_completeFile_result$_Fields;
tachyon/thrift/MasterService$user_getClientFileInfoById_args.read(Lorg/apache/thrift/protocol/TProtocol;)V
tachyon/thrift/MasterService$worker_cacheBlock_result.isSetES()Z
tachyon/thrift/MasterService$worker_getPriorityDependencyList_result.read(Lorg/apache/thrift/protocol/TProtocol;)V
tachyon/thrift/MasterService$Client.send_user_completeFile(I)V
tachyon/thrift/MasterService$Client.recv_user_getUserId()J
tachyon/thrift/MasterService$user_createFile_result$_Fields.getFieldName()Ljava/lang/String;
tachyon/thrift/MasterService$Client.worker_register(Ltachyon/thrift/NetAddress;JJLjava/util/List;)J
tachyon/thrift/MasterService$worker_getPriorityDependencyList_result$_Fields.$values()[Ltachyon/thrift/MasterService$worker_getPriorityDependencyList_result$_Fields;
tachyon/thrift/MasterService$user_getWorker_result$_Fields.$values()[Ltachyon/thrift/MasterService$user_getWorker_result$_Fields;
tachyon/thrift/MasterService$worker_getPriorityDependencyList_args$_Fields.values()[Ltachyon/thrift/MasterService$worker_getPriorityDependencyList_args$_Fields;
tachyon/thrift/MasterService$user_completeFile_result.write(Lorg/apache/thrift/protocol/TProtocol;)V
tachyon/thrift/MasterService$Client.send_worker_register(Ltachyon/thrift/NetAddress;JJLjava/util/List;)V
tachyon/thrift/MasterService$user_createFile_result.isSetSuccess()Z
tachyon/thrift/MasterService$user_getBlockId_args.setFileId(I)Ltachyon/thrift/MasterService$user_getBlockId_args;
tachyon/thrift/MasterService$Processor$user_getFileBlocksById.getEmptyArgsInstance()Lorg/apache/thrift/TBase;
tachyon/thrift/MasterService$Processor$user_getClientFileInfoById.getEmptyArgsInstance()Lorg/apache/thrift/TBase;
tachyon/thrift/MasterService$user_getWorker_result.validate()V
tachyon/thrift/MasterService$user_getUserId_args$_Fields.values()[Ltachyon/thrift/MasterService$user_getUserId_args$_Fields;
tachyon/thrift/MasterService$user_getClientFileInfoById_result$_Fields.getFieldName()Ljava/lang/String;
tachyon/thrift/MasterService$Processor$user_getFileBlocksById.getResult(Ljava/lang/Object;Lorg/apache/thrift/TBase;)Lorg/apache/thrift/TBase;
tachyon/thrift/MasterService$user_getClientFileInfoById_result.isSetSuccess()Z
tachyon/thrift/MasterService$user_getFileBlocksById_args$_Fields.$values()[Ltachyon/thrift/MasterService$user_getFileBlocksById_args$_Fields;
tachyon/thrift/MasterService$Client.user_getFileBlocksById(I)Ljava/util/List;
tachyon/thrift/MasterService$user_getWorker_result$_Fields.values()[Ltachyon/thrift/MasterService$user_getWorker_result$_Fields;
tachyon/thrift/MasterService$user_createFile_args.read(Lorg/apache/thrift/protocol/TProtocol;)V
tachyon/thrift/MasterService$Client.recv_user_createFile()I
tachyon/thrift/MasterService$user_getWorker_args.write(Lorg/apache/thrift/protocol/TProtocol;)V
tachyon/thrift/MasterService$user_completeFile_args$_Fields.$values()[Ltachyon/thrift/MasterService$user_completeFile_args$_Fields;
tachyon/thrift/MasterService$user_getUserId_result$_Fields.$values()[Ltachyon/thrift/MasterService$user_getUserId_result$_Fields;
tachyon/thrift/MasterService$user_createFile_result$_Fields.values()[Ltachyon/thrift/MasterService$user_createFile_result$_Fields;
tachyon/thrift/MasterService$worker_getPriorityDependencyList_result.write(Lorg/apache/thrift/protocol/TProtocol;)V
tachyon/thrift/MasterService$Processor$user_getClientFileInfoById.getEmptyArgsInstance()Ltachyon/thrift/MasterService$user_getClientFileInfoById_args;
tachyon/thrift/MasterService$worker_register_result.setSuccessIsSet(Z)V
tachyon/thrift/MasterService$user_getFileBlocksById_args.validate()V
tachyon/thrift/MasterService$worker_cacheBlock_args$_Fields.values()[Ltachyon/thrift/MasterService$worker_cacheBlock_args$_Fields;
tachyon/thrift/MasterService$user_completeFile_args.setFileId(I)Ltachyon/thrift/MasterService$user_completeFile_args;
tachyon/thrift/MasterService$Client.worker_cacheBlock(JJJJ)V
tachyon/thrift/MasterService$user_completeFile_result$_Fields.$values()[Ltachyon/thrift/MasterService$user_completeFile_result$_Fields;
tachyon/thrift/MasterService$worker_register_args.read(Lorg/apache/thrift/protocol/TProtocol;)V
tachyon/thrift/MasterService$user_createFile_args$_Fields.values()[Ltachyon/thrift/MasterService$user_createFile_args$_Fields;
tachyon/thrift/MasterService$Processor$worker_register.getResult(Ltachyon/thrift/MasterService$Iface;Ltachyon/thrift/MasterService$worker_register_args;)Ltachyon/thrift/MasterService$worker_register_result;
tachyon/thrift/MasterService$Processor$user_getUserId.getResult(Ltachyon/thrift/MasterService$Iface;Ltachyon/thrift/MasterService$user_getUserId_args;)Ltachyon/thrift/MasterService$user_getUserId_result;
tachyon/thrift/MasterService$Processor$user_createFile.getResult(Ltachyon/thrift/MasterService$Iface;Ltachyon/thrift/MasterService$user_createFile_args;)Ltachyon/thrift/MasterService$user_createFile_result;
tachyon/thrift/MasterService$user_createFile_args.setPath(Ljava/lang/String;)Ltachyon/thrift/MasterService$user_createFile_args;
tachyon/thrift/MasterService$user_getBlockId_args.validate()V
tachyon/thrift/MasterService$user_completeFile_result.isSetE()Z
tachyon/thrift/MasterService$user_getFileBlocksById_result.read(Lorg/apache/thrift/protocol/TProtocol;)V
tachyon/thrift/MasterService$Processor$user_getFileBlocksById.getResult(Ltachyon/thrift/MasterService$Iface;Ltachyon/thrift/MasterService$user_getFileBlocksById_args;)Ltachyon/thrift/MasterService$user_getFileBlocksById_result;
tachyon/thrift/MasterService$user_getClientFileInfoById_args$_Fields.getFieldName()Ljava/lang/String;
tachyon/thrift/MasterService$user_createFile_result$_Fields.$values()[Ltachyon/thrift/MasterService$user_createFile_result$_Fields;
tachyon/thrift/MasterService$user_getUserId_args.validate()V
tachyon/thrift/MasterService$Client.recv_user_completeFile()V
tachyon/thrift/MasterService$worker_register_result.isSetSuccess()Z
tachyon/thrift/MasterService$user_createFile_args.validate()V
tachyon/thrift/MasterService$user_getFileBlocksById_args$_Fields.values()[Ltachyon/thrift/MasterService$user_getFileBlocksById_args$_Fields;
tachyon/thrift/MasterService$user_getBlockId_result$_Fields.values()[Ltachyon/thrift/MasterService$user_getBlockId_result$_Fields;
tachyon/thrift/MasterService$user_getClientFileInfoById_args$_Fields.$values()[Ltachyon/thrift/MasterService$user_getClientFileInfoById_args$_Fields;
tachyon/thrift/MasterService$user_getWorker_args$_Fields.getFieldName()Ljava/lang/String;
tachyon/thrift/MasterService$worker_register_result.validate()V
tachyon/thrift/MasterService$user_getBlockId_args.read(Lorg/apache/thrift/protocol/TProtocol;)V
tachyon/thrift/MasterService$user_createFile_result.read(Lorg/apache/thrift/protocol/TProtocol;)V
tachyon/thrift/MasterService$worker_register_result$_Fields.values()[Ltachyon/thrift/MasterService$worker_register_result$_Fields;
tachyon/thrift/MasterService$Client.send_user_getClientFileInfoById(I)V
tachyon/thrift/MasterService$Processor$user_getWorker.getResult(Ltachyon/thrift/MasterService$Iface;Ltachyon/thrift/MasterService$user_getWorker_args;)Ltachyon/thrift/MasterService$user_getWorker_result;
tachyon/thrift/MasterService$worker_register_args$_Fields.values()[Ltachyon/thrift/MasterService$worker_register_args$_Fields;
tachyon/thrift/MasterService$user_completeFile_result$_Fields.getFieldName()Ljava/lang/String;
tachyon/thrift/MasterService$user_getClientFileInfoById_args.write(Lorg/apache/thrift/protocol/TProtocol;)V
tachyon/thrift/MasterService$user_completeFile_args$_Fields.getFieldName()Ljava/lang/String;
tachyon/thrift/MasterService$Client.send_user_getUserId()V
tachyon/thrift/MasterService$worker_register_args.setTotalBytesIsSet(Z)V
tachyon/thrift/MasterService$Client.send_user_createFile(Ljava/lang/String;J)V
tachyon/thrift/MasterService$worker_cacheBlock_args.setWorkerUsedBytes(J)Ltachyon/thrift/MasterService$worker_cacheBlock_args;
tachyon/thrift/MasterService$Client.send_user_getBlockId(II)V
tachyon/thrift/MasterService$Processor$user_getBlockId.getResult(Ljava/lang/Object;Lorg/apache/thrift/TBase;)Lorg/apache/thrift/TBase;
tachyon/thrift/MasterService$Processor$worker_register.getResult(Ljava/lang/Object;Lorg/apache/thrift/TBase;)Lorg/apache/thrift/TBase;
tachyon/thrift/MasterService$user_getFileBlocksById_result$_Fields.getFieldName()Ljava/lang/String;
tachyon/thrift/MasterService$worker_register_result.read(Lorg/apache/thrift/protocol/TProtocol;)V
tachyon/thrift/MasterService$user_completeFile_args.setFileIdIsSet(Z)V
tachyon/thrift/MasterService$user_createFile_result.validate()V
tachyon/thrift/MasterService$Client.recv_worker_cacheBlock()V
tachyon/thrift/MasterService$worker_cacheBlock_result.isSetEP()Z
tachyon/thrift/MasterService$Client.recv_user_getWorker()Ltachyon/thrift/NetAddress;
tachyon/thrift/MasterService$worker_register_args$_Fields.getFieldName()Ljava/lang/String;
tachyon/thrift/MasterService$worker_getPriorityDependencyList_result$_Fields.getFieldName()Ljava/lang/String;
tachyon/thrift/MasterService$user_createFile_result.write(Lorg/apache/thrift/protocol/TProtocol;)V
tachyon/thrift/MasterService$worker_register_args.write(Lorg/apache/thrift/protocol/TProtocol;)V
tachyon/thrift/MasterService$Processor$user_getFileBlocksById.getEmptyArgsInstance()Ltachyon/thrift/MasterService$user_getFileBlocksById_args;
tachyon/thrift/MasterService$worker_getPriorityDependencyList_result.isSetSuccess()Z
tachyon/thrift/MasterService$worker_cacheBlock_args$_Fields.getFieldName()Ljava/lang/String;
tachyon/thrift/MasterService$worker_register_args$_Fields.$values()[Ltachyon/thrift/MasterService$worker_register_args$_Fields;
tachyon/thrift/MasterService$user_getFileBlocksById_args.read(Lorg/apache/thrift/protocol/TProtocol;)V
tachyon/thrift/MasterService$Client.user_getBlockId(II)J
tachyon/thrift/MasterService$Processor$user_createFile.getEmptyArgsInstance()Lorg/apache/thrift/TBase;
tachyon/thrift/MasterService$user_getBlockId_args$_Fields.$values()[Ltachyon/thrift/MasterService$user_getBlockId_args$_Fields;
tachyon/thrift/MasterService$user_getWorker_args$_Fields.$values()[Ltachyon/thrift/MasterService$user_getWorker_args$_Fields;
tachyon/thrift/MasterService$worker_getPriorityDependencyList_args.read(Lorg/apache/thrift/protocol/TProtocol;)V
tachyon/thrift/MasterService$Processor$user_getUserId.getResult(Ljava/lang/Object;Lorg/apache/thrift/TBase;)Lorg/apache/thrift/TBase;
tachyon/thrift/MasterService$Processor$user_getWorker.getEmptyArgsInstance()Ltachyon/thrift/MasterService$user_getWorker_args;
tachyon/thrift/MasterService$worker_cacheBlock_args.write(Lorg/apache/thrift/protocol/TProtocol;)V
tachyon/thrift/MasterService$user_getWorker_args.read(Lorg/apache/thrift/protocol/TProtocol;)V
