org/platformlambda/core/system/LocalPubSub#59
org/platformlambda/core/util/MultiLevelMap#154
org/platformlambda/core/util/ElasticQueue#150