org/platformlambda/core/system/LocalPubSub#59&100
org/platformlambda/core/util/MultiLevelMap#154&100
org/platformlambda/core/util/ElasticQueue#150&100
org/platformlambda/core/util/ElasticQueue#242&100
org/platformlambda/core/util/AppConfigReader#110&100
org/platformlambda/core/util/MultiLevelMap#177&100
org/platformlambda/core/util/MultiLevelMap#296&100
org/platformlambda/core/util/MultiLevelMap#176&100
org/platformlambda/core/util/MultiLevelMap#294&100
org/platformlambda/core/util/MultiLevelMap#292&100
org/platformlambda/core/system/Platform#351&100
org/platformlambda/core/util/MultiLevelMap#290&100
org/platformlambda/core/system/LocalPubSub#55&100
org/platformlambda/core/system/LocalPubSub#54&100
org/platformlambda/core/system/LocalPubSub#57&100
org/platformlambda/core/system/LocalPubSub#56&100
org/platformlambda/core/system/LocalPubSub#58&100
org/platformlambda/core/util/ElasticQueue#241&100
org/platformlambda/core/system/Platform#480&100
org/platformlambda/core/system/EventEmitter#196&100
org/platformlambda/core/system/EventEmitter#197&100
org/platformlambda/core/system/EventEmitter#198&100
org/platformlambda/core/util/MultiLevelMap#189&100
org/platformlambda/core/system/LocalPubSub#60&100
org/platformlambda/core/system/Platform#487&100
org/platformlambda/core/system/EventEmitter#192&100
org/platformlambda/core/system/Platform#488&100
org/platformlambda/core/system/EventEmitter#193&100
org/platformlambda/core/system/Platform#489&100
org/platformlambda/core/system/LocalPubSub#61&100
org/platformlambda/core/system/Platform#482&100
org/platformlambda/core/system/Platform#483&100
org/platformlambda/core/system/LocalPubSub#63&100
org/platformlambda/core/system/Platform#484&100
org/platformlambda/core/system/Platform#485&100
org/platformlambda/core/util/AppConfigReader#106&100
org/platformlambda/core/system/EventEmitter#188&100
org/platformlambda/core/util/MultiLevelMap#159&100
org/platformlambda/core/util/ElasticQueue#226&100
org/platformlambda/core/util/MultiLevelMap#278&100
org/platformlambda/core/util/MultiLevelMap#158&100
org/platformlambda/core/util/ElasticQueue#221&100
org/platformlambda/core/util/ElasticQueue#342&100
org/platformlambda/core/util/MultiLevelMap#155&100
org/platformlambda/core/system/EventEmitter#187&100
org/platformlambda/core/util/MultiLevelMap#156&100
org/platformlambda/core/util/MultiLevelMap#277&100
org/platformlambda/core/system/ServiceDef#165&100
org/platformlambda/core/util/ElasticQueue#223&100
org/platformlambda/core/system/Platform#695&100
org/platformlambda/core/system/EventEmitter#181&100
org/platformlambda/core/util/MultiLevelMap#154&100
org/platformlambda/core/util/MultiLevelMap#395&100
org/platformlambda/core/system/Platform#576&100
org/platformlambda/core/system/Platform#697&100
org/platformlambda/core/system/Platform#577&100
org/platformlambda/core/system/Platform#698&100
org/platformlambda/core/util/MultiLevelMap#152&100
org/platformlambda/core/util/MultiLevelMap#273&100
org/platformlambda/core/system/Platform#570&100
org/platformlambda/core/util/MultiLevelMap#392&100
org/platformlambda/core/util/ElasticQueue#228&100
org/platformlambda/core/util/MultiLevelMap#150&100
org/platformlambda/core/system/Platform#572&100
org/platformlambda/core/system/Platform#693&100
org/platformlambda/core/system/Platform#573&100
org/platformlambda/core/system/Platform#694&100
org/platformlambda/core/system/Platform#568&100
org/platformlambda/core/system/Platform#569&100
org/platformlambda/core/system/ServiceQueue$ServiceHandler#190&100
org/platformlambda/core/system/Platform#580&100
org/platformlambda/core/system/EventEmitter#173&100
org/platformlambda/core/util/AppConfigReader#123&100
org/platformlambda/core/util/MultiLevelMap#289&100
org/platformlambda/core/util/ElasticQueue#231&100
org/platformlambda/core/system/ServiceQueue$ServiceHandler#189&100
org/platformlambda/core/util/ElasticQueue#232&100
org/platformlambda/core/system/ServiceQueue$ServiceHandler#187&100
org/platformlambda/core/system/EventEmitter#176&100
org/platformlambda/core/system/ServiceQueue$ServiceHandler#188&100
org/platformlambda/core/util/MultiLevelMap#164&100
org/platformlambda/core/util/MultiLevelMap#165&100
org/platformlambda/core/system/EventEmitter#171&100
org/platformlambda/core/util/MultiLevelMap#162&100
org/platformlambda/core/util/MultiLevelMap#283&100
org/platformlambda/core/system/EventEmitter#172&100
org/platformlambda/core/util/MultiLevelMap#160&100
org/platformlambda/core/util/MultiLevelMap#161&100
org/platformlambda/core/system/Platform#579&100
org/platformlambda/core/util/ElasticQueue#230&100
org/platformlambda/core/system/EventEmitter#200&100
org/platformlambda/core/util/MultiLevelMap#258&100
org/platformlambda/core/system/EventEmitter#202&100
org/platformlambda/core/util/MultiLevelMap#259&100
org/platformlambda/core/util/MultiLevelMap#379&100
org/platformlambda/core/util/MultiLevelMap#256&100
org/platformlambda/core/system/ServiceQueue$ServiceHandler#178&100
org/platformlambda/core/util/MultiLevelMap#257&100
org/platformlambda/core/util/MultiLevelMap#376&100
org/platformlambda/core/system/ServiceQueue$ServiceHandler#177&100
org/platformlambda/core/util/MultiLevelMap#252&100
org/platformlambda/core/util/MultiLevelMap#373&100
org/platformlambda/core/util/MultiLevelMap#251&100
org/platformlambda/core/util/MultiLevelMap#371&100
org/platformlambda/core/util/MultiLevelMap#370&100
org/platformlambda/core/util/AppConfigReader#81&100
org/platformlambda/core/system/ServiceQueue$ServiceHandler#175&100
org/platformlambda/core/system/ServiceQueue$ServiceHandler#172&100
org/platformlambda/core/system/ServiceQueue$ServiceHandler#171&100
org/platformlambda/core/util/MultiLevelMap#148&100
org/platformlambda/core/util/MultiLevelMap#269&100
org/platformlambda/core/util/MultiLevelMap#267&100
org/platformlambda/core/util/MultiLevelMap#147&100
org/platformlambda/core/system/ServiceQueue$ServiceHandler#168&100
org/platformlambda/core/util/MultiLevelMap#144&100
org/platformlambda/core/system/ServiceQueue$ServiceHandler#165&100
org/platformlambda/core/system/Platform#563&100
org/platformlambda/core/util/MultiLevelMap#142&100
org/platformlambda/core/util/MultiLevelMap#385&100
org/platformlambda/core/system/Platform#564&100
org/platformlambda/core/system/Platform#565&100
org/platformlambda/core/util/MultiLevelMap#140&100
org/platformlambda/core/util/MultiLevelMap#141&100
org/platformlambda/core/system/Platform#560&100
org/platformlambda/core/system/Platform#682&100
org/platformlambda/core/util/SimpleCache#89&100
org/platformlambda/core/system/ServiceQueue$ServiceHandler#163&100
org/platformlambda/core/system/ServiceQueue$ServiceHandler#162&100
org/platformlambda/core/system/Platform#78&100
org/platformlambda/core/util/MultiLevelMap#238&100
org/platformlambda/core/system/Platform#77&100
org/platformlambda/core/util/MultiLevelMap#359&100
org/platformlambda/core/system/Platform#76&100
org/platformlambda/core/util/MultiLevelMap#358&100
org/platformlambda/core/system/Platform#75&100
org/platformlambda/core/util/MultiLevelMap#357&100
org/platformlambda/core/util/MultiLevelMap#234&100
org/platformlambda/core/util/MultiLevelMap#356&100
org/platformlambda/core/util/MultiLevelMap#235&100
org/platformlambda/core/util/MultiLevelMap#232&100
org/platformlambda/core/system/ServiceQueue$ServiceHandler#154&100
org/platformlambda/core/util/MultiLevelMap#233&100
org/platformlambda/core/util/MultiLevelMap#231&100
org/platformlambda/core/util/CryptoApi#390&100
org/platformlambda/core/system/Platform#79&100
org/platformlambda/core/system/Platform#646&100
org/platformlambda/core/util/CryptoApi#389&100
org/platformlambda/core/system/Platform#70&100
org/platformlambda/core/system/ServiceQueue$ServiceHandler#153&100
org/platformlambda/core/system/ServiceQueue$ServiceHandler#151&100
org/platformlambda/core/util/MultiLevelMap#229&100
org/platformlambda/core/util/MultiLevelMap#247&100
org/platformlambda/core/system/ServiceQueue$ServiceHandler#147&100
org/platformlambda/core/system/ServiceQueue$ServiceHandler#148&100
org/platformlambda/core/system/Platform#85&100
org/platformlambda/core/util/MultiLevelMap#367&100
org/platformlambda/core/system/Platform#84&100
org/platformlambda/core/util/MultiLevelMap#125&100
org/platformlambda/core/util/MultiLevelMap#366&100
org/platformlambda/core/util/MultiLevelMap#122&100
org/platformlambda/core/system/ServiceQueue$ServiceHandler#143&100
org/platformlambda/core/system/Platform#82&100
org/platformlambda/core/util/MultiLevelMap#364&100
org/platformlambda/core/system/ServiceQueue$ServiceHandler#144&100
org/platformlambda/core/util/MultiLevelMap#120&100
org/platformlambda/core/util/MultiLevelMap#241&100
org/platformlambda/core/util/MultiLevelMap#363&100
org/platformlambda/core/util/MultiLevelMap#242&100
org/platformlambda/core/util/MultiLevelMap#362&100
org/platformlambda/core/util/MultiLevelMap#361&100
org/platformlambda/core/util/MultiLevelMap#240&100
org/platformlambda/core/system/Platform#660&100
org/platformlambda/core/system/Platform#659&100
org/platformlambda/core/system/Platform#81&100
org/platformlambda/core/system/ServiceQueue$ServiceHandler#141&100
org/platformlambda/core/system/Platform#80&100
org/platformlambda/core/system/ServiceQueue$ServiceHandler#140&100
org/platformlambda/core/util/MultiLevelMap#119&100
org/platformlambda/core/system/EventEmitter#243&100
org/platformlambda/core/system/ServiceQueue$ServiceHandler#139&100
org/platformlambda/core/util/MultiLevelMap#336&100
org/platformlambda/core/system/ServiceQueue$ServiceHandler#136&100
org/platformlambda/core/system/ServiceQueue$ServiceHandler#137&100
org/platformlambda/core/system/ServiceQueue$ServiceHandler#134&100
org/platformlambda/core/system/EventEmitter#240&100
org/platformlambda/core/util/MultiLevelMap#332&100
org/platformlambda/core/system/EventEmitter#242&100
org/platformlambda/core/util/CryptoApi#364&100
org/platformlambda/core/system/EventEmitter#89&100
org/platformlambda/core/system/ServiceQueue$ServiceHandler#130&100
org/platformlambda/core/system/EventEmitter#88&100
org/platformlambda/core/system/EventEmitter#236&100
org/platformlambda/core/system/EventEmitter#85&100
org/platformlambda/core/system/EventEmitter#237&100
org/platformlambda/core/system/EventEmitter#86&100
org/platformlambda/core/system/EventEmitter#238&100
org/platformlambda/core/system/EventEmitter#239&100
org/platformlambda/core/util/MultiLevelMap#228&100
org/platformlambda/core/util/MultiLevelMap#225&100
org/platformlambda/core/system/WorkerQueues#46&100
org/platformlambda/core/system/EventEmitter#235&100
org/platformlambda/core/system/EventEmitter#91&100
org/platformlambda/core/util/MultiLevelMap#344&100
org/platformlambda/core/system/EventEmitter#230&100
org/platformlambda/core/util/MultiLevelMap#221&100
org/platformlambda/core/util/MultiLevelMap#343&100
org/platformlambda/core/util/MultiLevelMap#342&100
org/platformlambda/core/util/MultiLevelMap#341&100
org/platformlambda/core/system/Platform#641&100
org/platformlambda/core/util/MultiLevelMap#220&100
org/platformlambda/core/util/MultiLevelMap#340&100
org/platformlambda/core/system/Platform#642&100
org/platformlambda/core/system/Platform#637&100
org/platformlambda/core/system/EventEmitter#98&100
org/platformlambda/core/system/EventEmitter#99&100
org/platformlambda/core/system/EventEmitter#105&100
org/platformlambda/core/system/EventEmitter#228&100
org/platformlambda/core/util/MultiLevelMap#219&100
org/platformlambda/core/system/EventEmitter#221&100
org/platformlambda/core/system/EventEmitter#101&100
org/platformlambda/core/system/EventEmitter#103&100
org/platformlambda/core/util/MultiLevelMap#313&100
org/platformlambda/core/util/MultiLevelMap#96&100
org/platformlambda/core/util/MultiLevelMap#311&100
org/platformlambda/core/util/ElasticQueue#188&100
org/platformlambda/core/util/MultiLevelMap#310&100
org/platformlambda/core/system/EventEmitter#220&100
org/platformlambda/core/system/Platform#726&100
org/platformlambda/core/system/Platform#727&100
org/platformlambda/core/system/Platform#721&100
org/platformlambda/core/system/Platform#722&100
org/platformlambda/core/system/Platform#723&100
org/platformlambda/core/system/Platform#724&100
org/platformlambda/core/system/EventEmitter#218&100
org/platformlambda/core/util/ElasticQueue#183&100
org/platformlambda/core/system/EventEmitter#219&100
org/platformlambda/core/util/ElasticQueue#186&100
org/platformlambda/core/util/MultiLevelMap#309&100
org/platformlambda/core/system/EventEmitter#215&100
org/platformlambda/core/system/EventEmitter#216&100
org/platformlambda/core/util/MultiLevelMap#307&100
org/platformlambda/core/system/EventEmitter#217&100
org/platformlambda/core/util/ElasticQueue#182&100
org/platformlambda/core/system/Platform#182&100
org/platformlambda/core/system/EventEmitter#211&100
org/platformlambda/core/system/Platform#183&100
org/platformlambda/core/util/MultiLevelMap#324&100
org/platformlambda/core/util/MultiLevelMap#201&100
org/platformlambda/core/util/MultiLevelMap#323&100
org/platformlambda/core/util/MultiLevelMap#200&100
org/platformlambda/core/system/Platform#185&100
org/platformlambda/core/system/Platform#186&100
org/platformlambda/core/system/Platform#188&100
org/platformlambda/core/util/ElasticQueue#194&100
org/platformlambda/core/system/EventEmitter#208&100
org/platformlambda/core/system/EventEmitter#203&100
org/platformlambda/core/system/EventEmitter#204&100
org/platformlambda/core/util/MultiLevelMap#319&100
org/platformlambda/core/util/ElasticQueue#191&100
org/platformlambda/core/system/EventEmitter#166&100
org/platformlambda/core/util/ElasticQueue#323&100
org/platformlambda/core/util/ElasticQueue#324&100
org/platformlambda/core/util/ElasticQueue#325&100
org/platformlambda/core/system/EventEmitter#169&100
org/platformlambda/core/system/EventEmitter#162&100
org/platformlambda/core/system/EventEmitter#163&100
org/platformlambda/core/system/EventEmitter#164&100
org/platformlambda/core/system/EventEmitter#165&100
org/platformlambda/core/system/EventEmitter#160&100
org/platformlambda/core/system/EventEmitter#161&100
org/platformlambda/core/util/ElasticQueue#327&100
org/platformlambda/core/system/Platform#705&100
org/platformlambda/core/system/Platform#706&100
org/platformlambda/core/system/EventEmitter#159&100
org/platformlambda/core/system/Platform#709&100
org/platformlambda/core/system/EventEmitter#155&100
org/platformlambda/core/util/ElasticQueue#334&100
org/platformlambda/core/util/ElasticQueue#336&100
org/platformlambda/core/system/EventEmitter#158&100
org/platformlambda/core/util/ElasticQueue#330&100
org/platformlambda/core/util/ElasticQueue#331&100
org/platformlambda/core/system/EventEmitter#154&100
org/platformlambda/core/system/Platform#168&100
org/platformlambda/core/system/Platform#720&100
org/platformlambda/core/system/Platform#711&100
org/platformlambda/core/system/Platform#712&100
org/platformlambda/core/system/Platform#718&100
org/platformlambda/core/system/EventEmitter#148&100
org/platformlambda/core/system/EventEmitter#145&100
org/platformlambda/core/system/Platform#491&100
org/platformlambda/core/system/EventEmitter#146&100
org/platformlambda/core/system/EventEmitter#141&100
org/platformlambda/core/system/EventEmitter#142&100
org/platformlambda/core/system/EventEmitter#263&100
org/platformlambda/core/system/EventEmitter#143&100
org/platformlambda/core/system/EventEmitter#260&100
org/platformlambda/core/system/Platform#493&100
org/platformlambda/core/system/EventEmitter#138&100
org/platformlambda/core/util/SimpleCache#117&100
org/platformlambda/core/system/EventEmitter#254&100
org/platformlambda/core/util/ElasticQueue#312&100
org/platformlambda/core/system/EventEmitter#256&100
org/platformlambda/core/system/EventEmitter#136&100
org/platformlambda/core/system/EventEmitter#257&100
org/platformlambda/core/system/EventEmitter#252&100
org/platformlambda/core/system/EventEmitter#253&100
org/platformlambda/core/util/ElasticQueue#316&100
org/platformlambda/core/util/SimpleCache#103&100
org/platformlambda/core/system/EventEmitter#247&100
org/platformlambda/core/util/SimpleCache#108&100
org/platformlambda/core/util/SimpleCache#107&100
