uk/co/flax/luwak/matchers/PartitionMatcher$MatcherWorker.call()Ljava/lang/Object;
