com/github/davidmoten/rx2/flowable/CachedFlowable.reset()Lcom/github/davidmoten/rx2/flowable/CachedFlowable;
com/github/davidmoten/rx2/internal/flowable/OnSubscribeCacheResettable.reset()V
com/github/davidmoten/rx2/Flowables$4.run()V
