org/apache/uniffle/common/metrics/GRPCMetrics#82&100
org/apache/uniffle/common/util/ThreadUtils#85&100
org/apache/uniffle/common/metrics/GRPCMetrics#84&100
org/apache/uniffle/common/util/ThreadUtils#86&100
org/apache/uniffle/common/metrics/GRPCMetrics#81&100
org/apache/uniffle/common/metrics/MetricsManager#83&100
org/apache/uniffle/common/metrics/GRPCMetrics#148&100
org/apache/uniffle/common/metrics/MetricsManager#87&100
org/apache/uniffle/common/metrics/MetricsManager#88&100
org/apache/uniffle/common/metrics/MetricsManager#89&100
org/apache/uniffle/common/metrics/GRPCMetrics#150&100
org/apache/uniffle/common/metrics/MetricsManager#90&100
org/apache/uniffle/common/rpc/GrpcServer$GrpcThreadPoolExecutor#152&100
org/apache/uniffle/common/metrics/GRPCMetrics#155&100
org/apache/uniffle/common/metrics/MetricsManager#91&100
org/apache/uniffle/common/metrics/MetricsManager#92&100
org/apache/uniffle/common/rpc/GrpcServer#199&100
org/apache/uniffle/common/rpc/GrpcServer#112&100
org/apache/uniffle/common/rpc/GrpcServer#113&100
org/apache/uniffle/common/rpc/GrpcServer#115&100
org/apache/uniffle/common/util/ThreadUtils#77&100
org/apache/uniffle/common/metrics/GRPCMetrics#89&100
org/apache/uniffle/common/rpc/GrpcServer#190&100
org/apache/uniffle/common/util/ThreadUtils#72&100
org/apache/uniffle/common/rpc/GrpcServer#197&100
org/apache/uniffle/common/metrics/GRPCMetrics#91&100
org/apache/uniffle/common/metrics/MetricsManager#96&100
org/apache/uniffle/common/metrics/MetricsManager#98&100
org/apache/uniffle/common/metrics/GRPCMetrics#139&100
org/apache/uniffle/common/rpc/GrpcServer#108&100
org/apache/uniffle/common/rpc/GrpcServer#109&100
org/apache/uniffle/common/metrics/GRPCMetrics#143&100
org/apache/uniffle/common/rpc/GrpcServer$GrpcThreadPoolExecutor#162&100
org/apache/uniffle/common/metrics/GRPCMetrics#141&100
org/apache/uniffle/common/rpc/GrpcServer#100&100
org/apache/uniffle/common/rpc/GrpcServer#188&100
org/apache/uniffle/common/rpc/GrpcServer#102&100
org/apache/uniffle/common/rpc/GrpcServer#104&100
org/apache/uniffle/common/metrics/GRPCMetrics#97&100
org/apache/uniffle/common/rpc/GrpcServer$GrpcThreadPoolExecutor#169&100
org/apache/uniffle/common/util/ThreadUtils#67&100
org/apache/uniffle/common/rpc/GrpcServer#106&100
org/apache/uniffle/common/rpc/GrpcServer$GrpcThreadPoolExecutor#168&100
org/apache/uniffle/common/util/JavaUtils$ConcurrentHashMapForJDK8#56&100
org/apache/uniffle/common/metrics/MetricsManager#61&100
org/apache/uniffle/common/metrics/GRPCMetrics#126&100
org/apache/uniffle/common/metrics/GRPCMetrics#124&100
org/apache/uniffle/common/metrics/MetricsManager#65&100
org/apache/uniffle/common/metrics/MetricsManager#66&100
org/apache/uniffle/common/metrics/GRPCMetrics#128&100
