100
org/apache/uniffle/common/metrics/GRPCMetrics#91
org/apache/uniffle/common/metrics/GRPCMetrics#104
org/apache/uniffle/common/metrics/GRPCMetrics#115
org/apache/uniffle/common/metrics/GRPCMetrics#102
org/apache/uniffle/common/metrics/GRPCMetrics#117
org/apache/uniffle/common/rpc/GrpcServer$GrpcThreadPoolExecutor#167
org/apache/uniffle/common/rpc/GrpcServer$GrpcThreadPoolExecutor#166
org/apache/uniffle/common/rpc/GrpcServer$GrpcThreadPoolExecutor#165
org/apache/uniffle/common/metrics/GRPCMetrics#110
org/apache/uniffle/common/rpc/GrpcServer$GrpcThreadPoolExecutor#160
org/apache/uniffle/common/metrics/GRPCMetrics#97
org/apache/uniffle/common/rpc/GrpcServer$GrpcThreadPoolExecutor#159
org/apache/uniffle/common/metrics/GRPCMetrics#89
org/apache/uniffle/common/rpc/GrpcServer$GrpcThreadPoolExecutor#158
org/apache/uniffle/common/rpc/GrpcServer$GrpcThreadPoolExecutor#157
org/apache/uniffle/common/rpc/GrpcServer$GrpcThreadPoolExecutor#168
