org/apache/log4j/WriterAppender.shouldFlush(Lorg/apache/log4j/spi/LoggingEvent;)Z
org/apache/uniffle/common/metrics/GRPCMetrics.decGauge(Ljava/lang/String;)V
org/apache/log4j/AppenderSkeleton.doAppend(Lorg/apache/log4j/spi/LoggingEvent;)V
org/apache/log4j/spi/LoggingEvent.getLoggerName()Ljava/lang/String;
org/apache/uniffle/common/rpc/GrpcServerTest.lambda$testGrpcExecutorPool$0(ILjava/util/concurrent/CountDownLatch;)V
org/apache/log4j/helpers/AppenderAttachableImpl.appendLoopOnAppenders(Lorg/apache/log4j/spi/LoggingEvent;)I
io/prometheus/client/Gauge$Child.get()D
org/apache/log4j/Category.getName()Ljava/lang/String;
org/apache/uniffle/common/rpc/GrpcServer$GrpcThreadPoolExecutor.afterExecute(Ljava/lang/Runnable;Ljava/lang/Throwable;)V
org/apache/uniffle/common/metrics/GRPCMetrics.setGauge(Ljava/lang/String;D)V
org/apache/log4j/Priority.toString()Ljava/lang/String;
org/apache/uniffle/common/rpc/GrpcServer$GrpcThreadPoolExecutor.beforeExecute(Ljava/lang/Thread;Ljava/lang/Runnable;)V
org/apache/log4j/PatternLayout.format(Lorg/apache/log4j/spi/LoggingEvent;)Ljava/lang/String;
org/apache/log4j/spi/LoggingEvent.getRenderedMessage()Ljava/lang/String;
io/prometheus/client/DoubleAdder.sum()D
org/apache/uniffle/common/metrics/GRPCMetrics.incGauge(Ljava/lang/String;D)V
org/apache/uniffle/common/rpc/GrpcServer.isPoolExecutorHasExecuted()Z
org/apache/log4j/helpers/QuietWriter.flush()V
org/apache/log4j/spi/LoggingEvent.getLevel()Lorg/apache/log4j/Level;
org/apache/uniffle/common/metrics/GRPCMetrics.incGauge(Ljava/lang/String;)V
io/prometheus/client/Striped64.casBusy()Z
org/apache/log4j/PatternLayout.ignoresThrowable()Z
io/prometheus/client/Striped64.casBase(JJ)Z
org/apache/log4j/Category.forcedLog(Ljava/lang/String;Lorg/apache/log4j/Priority;Ljava/lang/Object;Ljava/lang/Throwable;)V
io/prometheus/client/Gauge$Child.inc(D)V
io/prometheus/client/DoubleAdder.add(D)V
org/apache/log4j/WriterAppender.checkEntryConditions()Z
org/apache/log4j/Category.log(Ljava/lang/String;Lorg/apache/log4j/Priority;Ljava/lang/Object;Ljava/lang/Throwable;)V
org/apache/log4j/helpers/QuietWriter.write(Ljava/lang/String;)V
org/apache/log4j/Category.callAppenders(Lorg/apache/log4j/spi/LoggingEvent;)V
io/prometheus/client/Gauge$Child.dec(D)V
io/prometheus/client/Gauge$Child.set(D)V
org/apache/uniffle/common/metrics/GRPCMetrics.getGaugeMap()Ljava/util/Map;
io/prometheus/client/DoubleAdder.set(D)V
org/apache/log4j/Hierarchy.isDisabled(I)Z
org/apache/uniffle/common/metrics/GRPCMetrics.decGauge(Ljava/lang/String;D)V
io/prometheus/client/DoubleAdder.fn(JJ)J
io/prometheus/client/Striped64.retryUpdate(J[IZ)V
org/apache/log4j/WriterAppender.subAppend(Lorg/apache/log4j/spi/LoggingEvent;)V
org/apache/log4j/Priority.isGreaterOrEqual(Lorg/apache/log4j/Priority;)Z
org/apache/log4j/AppenderSkeleton.isAsSevereAsThreshold(Lorg/apache/log4j/Priority;)Z
io/prometheus/client/Striped64$Cell.cas(JJ)Z
org/apache/log4j/Category.isInfoEnabled()Z
org/apache/uniffle/common/rpc/GrpcServer.access$002(Z)Z
org/apache/log4j/WriterAppender.append(Lorg/apache/log4j/spi/LoggingEvent;)V
org/apache/log4j/spi/LoggingEvent.getThrowableStrRep()[Ljava/lang/String;
org/apache/log4j/Category.getEffectiveLevel()Lorg/apache/log4j/Level;
