nl/nlighten/prometheus/tomcat/TomcatServletMetricsFilter.doFilter(Ljavax/servlet/ServletRequest;Ljavax/servlet/ServletResponse;Ljavax/servlet/FilterChain;)V
