com/github/davidmoten/rx2/flowable/CachedFlowable.reset()Lcom/github/davidmoten/rx2/flowable/CachedFlowable;
io/reactivex/internal/schedulers/SchedulerPoolFactory$ScheduledTask.run()V
io/reactivex/internal/schedulers/ScheduledRunnable.call()Ljava/lang/Object;
io/reactivex/internal/util/OpenHashSet.mix(I)I
io/reactivex/internal/schedulers/ScheduledRunnable.run()V
com/github/davidmoten/rx2/internal/flowable/OnSubscribeCacheResettable.reset()V
io/reactivex/disposables/CompositeDisposable.delete(Lio/reactivex/disposables/Disposable;)Z
io/reactivex/internal/functions/ObjectHelper.requireNonNull(Ljava/lang/Object;Ljava/lang/String;)Ljava/lang/Object;
io/reactivex/internal/util/OpenHashSet.remove(Ljava/lang/Object;)Z
io/reactivex/internal/util/OpenHashSet.removeEntry(I[Ljava/lang/Object;I)Z
com/github/davidmoten/rx2/Flowables$4.run()V
