io/reactivex/internal/queue/MpscLinkedQueue$LinkedQueueNode.lpValue()Ljava/lang/Object;
io/reactivex/internal/schedulers/ScheduledRunnable.call()Ljava/lang/Object;
io/reactivex/internal/operators/flowable/FlowableDelay$DelaySubscriber$OnComplete.run()V
io/reactivex/internal/queue/SpscLinkedArrayQueue.lpProducerIndex()J
io/reactivex/internal/disposables/DisposableHelper.set(Ljava/util/concurrent/atomic/AtomicReference;Lio/reactivex/disposables/Disposable;)Z
io/reactivex/internal/schedulers/ScheduledRunnable.setFuture(Ljava/util/concurrent/Future;)V
com/github/davidmoten/rx2/flowable/Transformers$MyOptional$2.apply(Ljava/util/List;Lcom/github/davidmoten/rx2/flowable/Transformers$MyOptional;)Ljava/util/List;
com/github/davidmoten/guavamini/Preconditions.checkNotNull(Ljava/lang/Object;Ljava/lang/String;)Ljava/lang/Object;
io/reactivex/internal/schedulers/ComputationScheduler$EventLoopWorker.schedule(Ljava/lang/Runnable;JLjava/util/concurrent/TimeUnit;)Lio/reactivex/disposables/Disposable;
io/reactivex/internal/schedulers/ScheduledRunnable.dispose()V
io/reactivex/internal/disposables/ListCompositeDisposable.dispose(Ljava/util/List;)V
io/reactivex/internal/queue/MpscLinkedQueue$LinkedQueueNode.lvNext()Lio/reactivex/internal/queue/MpscLinkedQueue$LinkedQueueNode;
io/reactivex/internal/util/OpenHashSet.remove(Ljava/lang/Object;)Z
io/reactivex/internal/operators/flowable/FlowableDelay$DelaySubscriber$OnNext.run()V
com/github/davidmoten/rx2/internal/flowable/FlowableCollectWhile$CollectWhileSubscriber.onNext(Ljava/lang/Object;)V
io/reactivex/internal/queue/SpscLinkedArrayQueue.soProducerIndex(J)V
com/github/davidmoten/rx2/Functions$1.apply(Ljava/lang/Object;)Ljava/lang/Object;
com/github/davidmoten/rx2/internal/flowable/FlowableInsertTimeout$InsertTimeoutSubscriber.insert(Ljava/lang/Object;)V
com/github/davidmoten/rx2/internal/flowable/FlowableInsertTimeout$InsertTimeoutSubscriber.request(J)V
io/reactivex/internal/disposables/ListCompositeDisposable.dispose()V
io/reactivex/internal/util/VolatileSizeArrayList.add(Ljava/lang/Object;)Z
io/reactivex/internal/queue/MpscLinkedQueue.xchgProducerNode(Lio/reactivex/internal/queue/MpscLinkedQueue$LinkedQueueNode;)Lio/reactivex/internal/queue/MpscLinkedQueue$LinkedQueueNode;
com/github/davidmoten/rx2/flowable/Transformers$MyOptional.get()Ljava/lang/Object;
com/github/davidmoten/rx2/internal/flowable/FlowableCollectWhile$CollectWhileSubscriber.drain()V
com/github/davidmoten/rx2/internal/flowable/FlowableCollectWhile$CollectWhileSubscriber.onComplete()V
com/github/davidmoten/rx2/flowable/Transformers$MyOptional.of(Ljava/lang/Object;)Lcom/github/davidmoten/rx2/flowable/Transformers$MyOptional;
com/github/davidmoten/rx2/internal/flowable/FlowableInsertTimeout$TimeoutAction.run()V
com/github/davidmoten/rx2/flowable/Transformers$MyOptional$3.test(Ljava/util/List;)Z
io/reactivex/disposables/CompositeDisposable.dispose()V
io/reactivex/disposables/CompositeDisposable.dispose(Lio/reactivex/internal/util/OpenHashSet;)V
com/github/davidmoten/rx2/internal/flowable/FlowableInsertTimeout$InsertTimeoutSubscriber.drain()V
io/reactivex/internal/schedulers/ScheduledRunnable.run()V
io/reactivex/internal/util/OpenHashSet.add(Ljava/lang/Object;)Z
io/reactivex/internal/operators/flowable/FlowableMap$MapSubscriber.onNext(Ljava/lang/Object;)V
com/github/davidmoten/rx2/flowable/Transformers$MyOptional$2.apply(Ljava/lang/Object;Ljava/lang/Object;)Ljava/lang/Object;
io/reactivex/internal/queue/SpscLinkedArrayQueue.soConsumerIndex(J)V
io/reactivex/internal/queue/SpscLinkedArrayQueue.offer(Ljava/lang/Object;)Z
io/reactivex/internal/schedulers/ComputationScheduler$EventLoopWorker.dispose()V
io/reactivex/subscribers/TestSubscriber.onComplete()V
io/reactivex/internal/queue/MpscLinkedQueue$LinkedQueueNode.getAndNullValue()Ljava/lang/Object;
io/reactivex/internal/operators/flowable/FlowableFilter$FilterSubscriber.tryOnNext(Ljava/lang/Object;)Z
io/reactivex/internal/queue/MpscLinkedQueue.lpConsumerNode()Lio/reactivex/internal/queue/MpscLinkedQueue$LinkedQueueNode;
io/reactivex/internal/disposables/DisposableHelper.dispose(Ljava/util/concurrent/atomic/AtomicReference;)Z
io/reactivex/internal/util/OpenHashSet.removeEntry(I[Ljava/lang/Object;I)Z
com/github/davidmoten/rx2/flowable/Transformers$18.apply(Ljava/lang/Object;)Ljava/lang/Object;
io/reactivex/internal/operators/flowable/FlowableConcatArray$ConcatArraySubscriber.onNext(Ljava/lang/Object;)V
io/reactivex/plugins/RxJavaPlugins.onSchedule(Ljava/lang/Runnable;)Ljava/lang/Runnable;
com/github/davidmoten/rx2/flowable/Transformers$18.apply(Lcom/github/davidmoten/rx2/flowable/Transformers$MyOptional;)Ljava/lang/Long;
io/reactivex/internal/util/BackpressureHelper.add(Ljava/util/concurrent/atomic/AtomicLong;J)J
io/reactivex/internal/functions/ObjectHelper.requireNonNull(Ljava/lang/Object;Ljava/lang/String;)Ljava/lang/Object;
