com/github/davidmoten/rx2/internal/flowable/OnSubscribeCacheResettable#27&400
com/github/davidmoten/rx2/Flowables$4#306&400
com/github/davidmoten/rx2/flowable/CachedFlowable#22&400
