100
com/github/davidmoten/rx2/internal/flowable/FlowableCollectWhile$CollectWhileSubscriber#191
com/github/davidmoten/rx2/flowable/Transformers$MyOptional$2#573
com/github/davidmoten/rx2/flowable/Transformers$MyOptional$2#576
com/github/davidmoten/rx2/internal/flowable/FlowableInsertTimeout$InsertTimeoutSubscriber#224
com/github/davidmoten/rx2/flowable/Transformers$MyOptional$2#577
com/github/davidmoten/rx2/internal/flowable/FlowableInsertTimeout$InsertTimeoutSubscriber#184
com/github/davidmoten/rx2/internal/flowable/FlowableInsertTimeout$InsertTimeoutSubscriber#185
com/github/davidmoten/rx2/internal/flowable/FlowableInsertTimeout$InsertTimeoutSubscriber#186
com/github/davidmoten/rx2/internal/flowable/FlowableCollectWhile$CollectWhileSubscriber#199
com/github/davidmoten/rx2/flowable/Transformers$MyOptional$3#589
com/github/davidmoten/rx2/internal/flowable/FlowableInsertTimeout$InsertTimeoutSubscriber#219
com/github/davidmoten/rx2/internal/flowable/FlowableInsertTimeout$InsertTimeoutSubscriber#210
com/github/davidmoten/rx2/internal/flowable/FlowableInsertTimeout$InsertTimeoutSubscriber#254
com/github/davidmoten/rx2/internal/flowable/FlowableInsertTimeout$InsertTimeoutSubscriber#211
com/github/davidmoten/rx2/internal/flowable/FlowableCollectWhile$CollectWhileSubscriber#182
com/github/davidmoten/rx2/internal/flowable/FlowableInsertTimeout$InsertTimeoutSubscriber#179
com/github/davidmoten/rx2/internal/flowable/FlowableInsertTimeout$InsertTimeoutSubscriber#215
com/github/davidmoten/rx2/flowable/Transformers$18#702
com/github/davidmoten/rx2/internal/flowable/FlowableCollectWhile$CollectWhileSubscriber#186
com/github/davidmoten/rx2/internal/flowable/FlowableInsertTimeout$InsertTimeoutSubscriber#216
com/github/davidmoten/rx2/internal/flowable/FlowableInsertTimeout$InsertTimeoutSubscriber#217
com/github/davidmoten/rx2/internal/flowable/FlowableInsertTimeout$InsertTimeoutSubscriber#171
com/github/davidmoten/rx2/internal/flowable/FlowableInsertTimeout$InsertTimeoutSubscriber#172
com/github/davidmoten/rx2/internal/flowable/FlowableCollectWhile$CollectWhileSubscriber#90
com/github/davidmoten/rx2/internal/flowable/FlowableInsertTimeout$InsertTimeoutSubscriber#252
com/github/davidmoten/rx2/internal/flowable/FlowableCollectWhile$CollectWhileSubscriber#91
com/github/davidmoten/rx2/internal/flowable/FlowableInsertTimeout$InsertTimeoutSubscriber#253
com/github/davidmoten/rx2/internal/flowable/FlowableInsertTimeout$TimeoutAction#287
com/github/davidmoten/rx2/flowable/Transformers$MyOptional#557
com/github/davidmoten/rx2/flowable/Transformers$MyOptional#544
com/github/davidmoten/rx2/flowable/Transformers$18#699
com/github/davidmoten/rx2/internal/flowable/FlowableInsertTimeout$InsertTimeoutSubscriber#167
com/github/davidmoten/rx2/internal/flowable/FlowableCollectWhile$CollectWhileSubscriber#171
com/github/davidmoten/rx2/internal/flowable/FlowableInsertTimeout$InsertTimeoutSubscriber#168
com/github/davidmoten/rx2/internal/flowable/FlowableInsertTimeout$InsertTimeoutSubscriber#201
com/github/davidmoten/rx2/flowable/Transformers$MyOptional#543
com/github/davidmoten/rx2/internal/flowable/FlowableCollectWhile$CollectWhileSubscriber#175
com/github/davidmoten/rx2/internal/flowable/FlowableInsertTimeout$TimeoutAction#289
com/github/davidmoten/rx2/internal/flowable/FlowableInsertTimeout$InsertTimeoutSubscriber#163
com/github/davidmoten/rx2/internal/flowable/FlowableInsertTimeout$TimeoutAction#292
com/github/davidmoten/rx2/internal/flowable/FlowableCollectWhile$CollectWhileSubscriber#179
com/github/davidmoten/rx2/internal/flowable/FlowableCollectWhile$CollectWhileSubscriber#214
com/github/davidmoten/rx2/internal/flowable/FlowableCollectWhile$CollectWhileSubscriber#216
com/github/davidmoten/rx2/internal/flowable/FlowableInsertTimeout$InsertTimeoutSubscriber#199
com/github/davidmoten/rx2/internal/flowable/FlowableInsertTimeout$InsertTimeoutSubscriber#157
com/github/davidmoten/rx2/internal/flowable/FlowableInsertTimeout$InsertTimeoutSubscriber#194
com/github/davidmoten/rx2/flowable/Transformers$MyOptional$3#592
com/github/davidmoten/rx2/internal/flowable/FlowableCollectWhile$CollectWhileSubscriber#209
com/github/davidmoten/rx2/internal/flowable/FlowableCollectWhile$CollectWhileSubscriber#201
