100
org/apache/uniffle/common/metrics/GRPCMetrics#110
