org/apache/uniffle/common/metrics/GRPCMetrics#91&100
org/apache/uniffle/common/rpc/GrpcServer$GrpcThreadPoolExecutor#170&100
org/apache/uniffle/common/metrics/GRPCMetrics#104&100
org/apache/uniffle/common/metrics/GRPCMetrics#115&100
org/apache/uniffle/common/rpc/GrpcServer$GrpcThreadPoolExecutor#180&100
org/apache/uniffle/common/metrics/GRPCMetrics#102&100
org/apache/uniffle/common/metrics/GRPCMetrics#117&100
org/apache/uniffle/common/rpc/GrpcServer$GrpcThreadPoolExecutor#178&100
org/apache/uniffle/common/rpc/GrpcServer$GrpcThreadPoolExecutor#177&100
org/apache/uniffle/common/metrics/GRPCMetrics#110&100
org/apache/uniffle/common/rpc/GrpcServer$GrpcThreadPoolExecutor#172&100
org/apache/uniffle/common/rpc/GrpcServer$GrpcThreadPoolExecutor#171&100
org/apache/uniffle/common/metrics/GRPCMetrics#97&100
org/apache/uniffle/common/metrics/GRPCMetrics#89&100
org/apache/uniffle/common/rpc/GrpcServer$GrpcThreadPoolExecutor#169&100
org/apache/uniffle/common/rpc/GrpcServer$GrpcThreadPoolExecutor#168&100
org/apache/uniffle/common/rpc/GrpcServer$GrpcThreadPoolExecutor#179&100
org/apache/uniffle/common/metrics/GRPCMetrics#95&100
org/apache/uniffle/common/rpc/GrpcServer$GrpcThreadPoolExecutor#173&100
org/apache/uniffle/common/rpc/GrpcServer$GrpcThreadPoolExecutor#176&100
org/apache/uniffle/common/metrics/GRPCMetrics#88&100
org/apache/uniffle/common/metrics/GRPCMetrics#85&100
org/apache/uniffle/common/rpc/GrpcServer$GrpcThreadPoolExecutor#150&100

