org/apache/uniffle/common/metrics/GRPCMetrics#95
org/apache/uniffle/common/rpc/GrpcServer$GrpcThreadPoolExecutor#173
org/apache/uniffle/common/rpc/GrpcServer$GrpcThreadPoolExecutor#65