org.apache.uniffle.common.metrics.AbstractMetricReporter
org.apache.uniffle.common.metrics.MetricReporterFactory
org.apache.uniffle.common.metrics.GRPCMetrics
org.apache.uniffle.common.metrics.EmptyGRPCMetrics
org.apache.uniffle.common.metrics.MetricsManager
org.apache.uniffle.common.metrics.prometheus.PrometheusPushGatewayMetricReporter
org.apache.uniffle.common.metrics.MetricReporter
org.apache.uniffle.common.metrics.JvmMetrics
org.apache.uniffle.common.ClientType
org.apache.uniffle.common.UnionKey
org.apache.uniffle.common.ShufflePartitionedBlock
org.apache.uniffle.common.ServerStatus
org.apache.uniffle.common.PartitionRange
org.apache.uniffle.common.ShufflePartitionedData
org.apache.uniffle.common.util.ByteUnit
org.apache.uniffle.common.util.ByteBufUtils
org.apache.uniffle.common.util.RetryUtils$RetryCmd
org.apache.uniffle.common.util.JavaUtils$ConcurrentHashMapForJDK8
org.apache.uniffle.common.util.ThreadUtils
org.apache.uniffle.common.util.JavaUtils$1
org.apache.uniffle.common.util.Constants
org.apache.uniffle.common.util.ChecksumUtils
org.apache.uniffle.common.util.RetryUtils$RetryCallBack
org.apache.uniffle.common.util.ExitUtils
org.apache.uniffle.common.util.JavaUtils
org.apache.uniffle.common.util.ExitUtils$ExitException
org.apache.uniffle.common.util.RssUtils
org.apache.uniffle.common.util.RetryUtils
org.apache.uniffle.common.util.NettyUtils$1
org.apache.uniffle.common.util.UnitConverter
org.apache.uniffle.common.util.NettyUtils
org.apache.uniffle.common.util.TripleFunction
org.apache.uniffle.common.util.IdHelper
org.apache.uniffle.common.config.ConfigUtils
org.apache.uniffle.common.config.ConfigOptions
org.apache.uniffle.common.config.ConfigOption
org.apache.uniffle.common.config.ConfigOptions$ListConfigOptionBuilder
org.apache.uniffle.common.config.ConfigOptions$TypedConfigOptionBuilder
org.apache.uniffle.common.config.Reconfigurable
org.apache.uniffle.common.config.ConfigOptions$OptionBuilder
org.apache.uniffle.common.config.ReconfigurableBase
org.apache.uniffle.common.config.RssConf
org.apache.uniffle.common.config.FallbackKey
org.apache.uniffle.common.config.RssClientConf
org.apache.uniffle.common.config.RssBaseConf
org.apache.uniffle.common.security.SecurityContext
org.apache.uniffle.common.security.SecurityConfig$Builder
org.apache.uniffle.common.security.NoOpSecurityContext
org.apache.uniffle.common.security.SecurityConfig$1
org.apache.uniffle.common.security.SecurityConfig
org.apache.uniffle.common.security.HadoopSecurityContext
org.apache.uniffle.common.security.SecurityContextFactory$LazyHolder
org.apache.uniffle.common.security.SecurityContextFactory
org.apache.uniffle.common.ShuffleIndexResult
org.apache.uniffle.common.ShuffleServerInfo
org.apache.uniffle.common.web.CoalescedCollectorRegistry$CoalescedEnumeration
org.apache.uniffle.common.web.JerseyAutoDiscoverable
org.apache.uniffle.common.web.JettyServer
org.apache.uniffle.common.web.JsonConverter
org.apache.uniffle.common.web.resource.MetricResource$MetricsJsonObj
org.apache.uniffle.common.web.resource.MetricResource
org.apache.uniffle.common.web.resource.PrometheusMetricResource
org.apache.uniffle.common.web.resource.BaseMetricResource
org.apache.uniffle.common.web.CoalescedCollectorRegistry
org.apache.uniffle.common.ShuffleDataResult
org.apache.uniffle.common.segment.SegmentSplitterFactory$1
org.apache.uniffle.common.segment.SegmentSplitterFactory
org.apache.uniffle.common.segment.FixedSizeSegmentSplitter
org.apache.uniffle.common.segment.SegmentSplitterFactory$LazyHolder
org.apache.uniffle.common.segment.LocalOrderSegmentSplitter
org.apache.uniffle.common.segment.SegmentSplitter
org.apache.uniffle.common.RemoteStorageInfo
org.apache.uniffle.common.filesystem.HadoopFilesystemProvider
org.apache.uniffle.common.netty.handle.TransportRequestHandler
org.apache.uniffle.common.netty.handle.MessageHandler
org.apache.uniffle.common.netty.handle.BaseMessageHandler
org.apache.uniffle.common.netty.handle.TransportChannelHandler
org.apache.uniffle.common.netty.handle.TransportResponseHandler
org.apache.uniffle.common.netty.IOMode
org.apache.uniffle.common.netty.protocol.Encoders
org.apache.uniffle.common.netty.protocol.GetLocalShuffleIndexRequest
org.apache.uniffle.common.netty.protocol.GetMemoryShuffleDataResponse
org.apache.uniffle.common.netty.protocol.RequestMessage
org.apache.uniffle.common.netty.protocol.SendShuffleDataRequest
org.apache.uniffle.common.netty.protocol.GetLocalShuffleDataRequest
org.apache.uniffle.common.netty.protocol.Message
org.apache.uniffle.common.netty.protocol.GetLocalShuffleIndexResponse
org.apache.uniffle.common.netty.protocol.GetMemoryShuffleDataRequest
org.apache.uniffle.common.netty.protocol.Encodable
org.apache.uniffle.common.netty.protocol.RpcResponse
org.apache.uniffle.common.netty.protocol.Transferable
org.apache.uniffle.common.netty.protocol.Message$Type
org.apache.uniffle.common.netty.protocol.Message$1
org.apache.uniffle.common.netty.protocol.GetLocalShuffleDataResponse
org.apache.uniffle.common.netty.protocol.Decoders
org.apache.uniffle.common.netty.FrameDecoder
org.apache.uniffle.common.netty.EncodeException
org.apache.uniffle.common.netty.TransportFrameDecoder
org.apache.uniffle.common.netty.DecodeException
org.apache.uniffle.common.netty.client.TransportClientFactory$ClientPool
org.apache.uniffle.common.netty.client.TransportClient$RpcChannelListener
org.apache.uniffle.common.netty.client.TransportClientFactory$1
org.apache.uniffle.common.netty.client.TransportClient$1
org.apache.uniffle.common.netty.client.TransportClientFactory
org.apache.uniffle.common.netty.client.RpcResponseCallback
org.apache.uniffle.common.netty.client.TransportClient$StdChannelListener
org.apache.uniffle.common.netty.client.TransportClient
org.apache.uniffle.common.netty.client.TransportContext
org.apache.uniffle.common.netty.client.TransportConf
org.apache.uniffle.common.netty.MessageEncoder
org.apache.uniffle.common.netty.buffer.ManagedBuffer
org.apache.uniffle.common.netty.buffer.NettyManagedBuffer
org.apache.uniffle.common.netty.buffer.FileSegmentManagedBuffer
org.apache.uniffle.common.Arguments
org.apache.uniffle.common.storage.StorageMedia$1
org.apache.uniffle.common.storage.StorageMedia
org.apache.uniffle.common.storage.StorageStatus$1
org.apache.uniffle.common.storage.StorageStatus
org.apache.uniffle.common.storage.StorageInfo
org.apache.uniffle.common.storage.StorageInfoUtils
org.apache.uniffle.common.ShuffleBlockInfo
org.apache.uniffle.common.ShuffleDataSegment
org.apache.uniffle.common.ShuffleRegisterInfo
org.apache.uniffle.common.ShuffleAssignmentsInfo
org.apache.uniffle.common.compression.Codec$Type
org.apache.uniffle.common.compression.Lz4Codec$LazyHolder
org.apache.uniffle.common.compression.SnappyCodec
org.apache.uniffle.common.compression.ZstdCodec$LazyHolder
org.apache.uniffle.common.compression.Codec
org.apache.uniffle.common.compression.NoOpCodec
org.apache.uniffle.common.compression.NoOpCodec$LazyHolder
org.apache.uniffle.common.compression.SnappyCodec$LazyHolder
org.apache.uniffle.common.compression.ZstdCodec
org.apache.uniffle.common.compression.Lz4Codec
org.apache.uniffle.common.compression.Codec$1
org.apache.uniffle.common.ShuffleDataDistributionType
org.apache.uniffle.common.rpc.StatusCode
org.apache.uniffle.common.rpc.MonitoringServerCallListener
org.apache.uniffle.common.rpc.GrpcServer
org.apache.uniffle.common.rpc.MonitoringServerCall
org.apache.uniffle.common.rpc.ServerInterface
org.apache.uniffle.common.rpc.GrpcServer$GrpcThreadPoolExecutor
org.apache.uniffle.common.rpc.MonitoringServerInterceptor
org.apache.uniffle.common.rpc.GrpcServer$Builder
org.apache.uniffle.common.rpc.MonitoringServerTransportFilter
org.apache.uniffle.common.rpc.ServerType
org.apache.uniffle.common.BufferSegment
org.apache.uniffle.common.exception.RssFetchFailedException
org.apache.uniffle.common.exception.FileNotFoundException
org.apache.uniffle.common.exception.NotRetryException
org.apache.uniffle.common.exception.RssException
org.apache.uniffle.common.exception.InvalidRequestException

