com/github/davidmoten/rx2/internal/flowable/FlowableCollectWhile$CollectWhileSubscriber#191&100
com/github/davidmoten/rx2/flowable/Transformers$MyOptional$2#573&100
com/github/davidmoten/rx2/flowable/Transformers$MyOptional$2#576&100
com/github/davidmoten/rx2/internal/flowable/FlowableInsertTimeout$InsertTimeoutSubscriber#224&100
com/github/davidmoten/rx2/internal/flowable/FlowableCollectWhile$CollectWhileSubscriber#32&100
com/github/davidmoten/rx2/internal/flowable/FlowableInsertTimeout$InsertTimeoutSubscriber#25&100
com/github/davidmoten/rx2/internal/flowable/FlowableInsertTimeout$TimeoutAction#27&100
com/github/davidmoten/rx2/flowable/Transformers$MyOptional#55&100
com/github/davidmoten/rx2/flowable/Transformers$MyOptional$2#577&100
com/github/davidmoten/rx2/internal/flowable/FlowableInsertTimeout$InsertTimeoutSubscriber#184&100
com/github/davidmoten/rx2/internal/flowable/FlowableInsertTimeout$InsertTimeoutSubscriber#185&100
com/github/davidmoten/rx2/internal/flowable/FlowableInsertTimeout$InsertTimeoutSubscriber#186&100
com/github/davidmoten/rx2/internal/flowable/FlowableCollectWhile$CollectWhileSubscriber#199&100
com/github/davidmoten/rx2/flowable/Transformers$MyOptional$3#589&100
com/github/davidmoten/rx2/internal/flowable/FlowableInsertTimeout$InsertTimeoutSubscriber#219&100
com/github/davidmoten/rx2/internal/flowable/FlowableInsertTimeout$InsertTimeoutSubscriber#210&100
com/github/davidmoten/rx2/internal/flowable/FlowableInsertTimeout$InsertTimeoutSubscriber#254&100
com/github/davidmoten/rx2/internal/flowable/FlowableInsertTimeout$InsertTimeoutSubscriber#211&100
com/github/davidmoten/rx2/internal/flowable/FlowableCollectWhile$CollectWhileSubscriber#182&100
com/github/davidmoten/rx2/internal/flowable/FlowableInsertTimeout$InsertTimeoutSubscriber#179&100
com/github/davidmoten/rx2/internal/flowable/FlowableInsertTimeout$InsertTimeoutSubscriber#215&100
com/github/davidmoten/rx2/flowable/Transformers$18#702&100
com/github/davidmoten/rx2/internal/flowable/FlowableCollectWhile$CollectWhileSubscriber#186&100
com/github/davidmoten/rx2/internal/flowable/FlowableInsertTimeout$InsertTimeoutSubscriber#216&100
com/github/davidmoten/rx2/internal/flowable/FlowableInsertTimeout$InsertTimeoutSubscriber#217&100
com/github/davidmoten/rx2/internal/flowable/FlowableInsertTimeout$InsertTimeoutSubscriber#171&100
com/github/davidmoten/rx2/internal/flowable/FlowableInsertTimeout$InsertTimeoutSubscriber#172&100
com/github/davidmoten/rx2/internal/flowable/FlowableCollectWhile$CollectWhileSubscriber#90&100
com/github/davidmoten/rx2/internal/flowable/FlowableInsertTimeout$InsertTimeoutSubscriber#252&100
com/github/davidmoten/rx2/internal/flowable/FlowableCollectWhile$CollectWhileSubscriber#91&100
com/github/davidmoten/rx2/internal/flowable/FlowableInsertTimeout$InsertTimeoutSubscriber#253&100
com/github/davidmoten/rx2/internal/flowable/FlowableInsertTimeout$TimeoutAction#287&100
com/github/davidmoten/rx2/flowable/Transformers$MyOptional#557&100
com/github/davidmoten/rx2/flowable/Transformers$MyOptional#544&100
com/github/davidmoten/rx2/flowable/Transformers$18#699&100
com/github/davidmoten/rx2/internal/flowable/FlowableInsertTimeout$InsertTimeoutSubscriber#167&100
com/github/davidmoten/rx2/internal/flowable/FlowableCollectWhile$CollectWhileSubscriber#171&100
com/github/davidmoten/rx2/internal/flowable/FlowableInsertTimeout$InsertTimeoutSubscriber#168&100
com/github/davidmoten/rx2/internal/flowable/FlowableInsertTimeout$InsertTimeoutSubscriber#201&100
com/github/davidmoten/rx2/flowable/Transformers$MyOptional#543&100
com/github/davidmoten/rx2/internal/flowable/FlowableCollectWhile$CollectWhileSubscriber#175&100
com/github/davidmoten/rx2/internal/flowable/FlowableInsertTimeout$TimeoutAction#289&100
com/github/davidmoten/rx2/internal/flowable/FlowableInsertTimeout$InsertTimeoutSubscriber#163&100
com/github/davidmoten/rx2/internal/flowable/FlowableInsertTimeout$TimeoutAction#292&100
com/github/davidmoten/rx2/internal/flowable/FlowableCollectWhile$CollectWhileSubscriber#179&100
com/github/davidmoten/rx2/internal/flowable/FlowableCollectWhile$CollectWhileSubscriber#214&100
com/github/davidmoten/rx2/internal/flowable/FlowableCollectWhile$CollectWhileSubscriber#216&100
com/github/davidmoten/rx2/internal/flowable/FlowableInsertTimeout$InsertTimeoutSubscriber#199&100
com/github/davidmoten/rx2/internal/flowable/FlowableInsertTimeout$InsertTimeoutSubscriber#157&100
com/github/davidmoten/rx2/internal/flowable/FlowableInsertTimeout$InsertTimeoutSubscriber#194&100
com/github/davidmoten/rx2/flowable/Transformers$MyOptional$3#592&100
com/github/davidmoten/rx2/internal/flowable/FlowableCollectWhile$CollectWhileSubscriber#209&100
com/github/davidmoten/rx2/internal/flowable/FlowableCollectWhile$CollectWhileSubscriber#201&100
