com/github/davidmoten/rx2/flowable/CachedFlowable#22&400
