com/github/davidmoten/rx2/internal/flowable/FlowableCollectWhile$CollectWhileSubscriber#201&100
