com/github/davidmoten/rx2/internal/flowable/OnSubscribeCacheResettable#30
com/github/davidmoten/rx2/Flowables$4#299
com/github/davidmoten/rx2/flowable/CachedFlowable#10
