com/github/davidmoten/rx2/internal/flowable/FlowableCollectWhile$CollectWhileSubscriber#32&100
com/github/davidmoten/rx2/internal/flowable/FlowableInsertTimeout$InsertTimeoutSubscriber#25&100
com/github/davidmoten/rx2/internal/flowable/FlowableInsertTimeout$TimeoutAction#27&100
com/github/davidmoten/rx2/flowable/Transformers$MyOptional#55&100
